 

 Timestamp is 53132995

 Preferred load address is 00400000

  Address         Publics by Value              Rva+Base     Lib:Object

 0001:00190C50       .cctor_592C50      00592C50     .OBJ
 0001:00190C60       __ENCAddToList_592C60      00592C60     .OBJ
 0001:00190D70       Main_592D70      00592D70     .OBJ
 0001:00190DAC       .ctor_592DAC      00592DAC     .OBJ
 0001:00190DE0       OnCreateMainForm_592DE0      00592DE0     .OBJ
 0001:00190DF8       .ctor_592DF8      00592DF8     .OBJ
 0001:00190E04       .cctor_592E04      00592E04     .OBJ
 0001:00190E3C       get_Computer_592E3C      00592E3C     .OBJ
 0001:00190E58       get_Application_592E58      00592E58     .OBJ
 0001:00190E74       get_User_592E74      00592E74     .OBJ
 0001:00190E90       get_Forms_592E90      00592E90     .OBJ
 0001:00190EAC       get_WebServices_592EAC      00592EAC     .OBJ
 0001:00190EC8       get_map_592EC8      00592EC8     .OBJ
 0001:00190EF0       get_player_592EF0      00592EF0     .OBJ
 0001:00190F18       get_SystemInfoForm_592F18      00592F18     .OBJ
 0001:00190F40       get_Vscaner_592F40      00592F40     .OBJ
 0001:00190F68       set_map_592F68      00592F68     .OBJ
 0001:00190FAC       set_player_592FAC      00592FAC     .OBJ
 0001:00190FF0       set_SystemInfoForm_592FF0      00592FF0     .OBJ
 0001:00191034       set_Vscaner_593034      00593034     .OBJ
 0001:00191078       Create__Instance___593078      00593078     .OBJ
 0001:001911B4       Dispose__Instance___5931B4      005931B4     .OBJ
 0001:001911E0       .ctor_5931E0      005931E0     .OBJ
 0001:001911EC       Equals_5931EC      005931EC     .OBJ
 0001:0019120C       GetHashCode_59320C      0059320C     .OBJ
 0001:00191224       GetType_593224      00593224     .OBJ
 0001:00191240       ToString_593240      00593240     .OBJ
 0001:00191258       Equals_593258      00593258     .OBJ
 0001:00191278       GetHashCode_593278      00593278     .OBJ
 0001:00191290       GetType_593290      00593290     .OBJ
 0001:001912AC       ToString_5932AC      005932AC     .OBJ
 0001:001912C4       Create__Instance___5932C4      005932C4     .OBJ
 0001:001912F0       Dispose__Instance___5932F0      005932F0     .OBJ
 0001:00191310       .ctor_593310      00593310     .OBJ
 0001:0019131C       get_GetInstance_59331C      0059331C     .OBJ
 0001:00191350       .ctor_593350      00593350     .OBJ
 0001:00164E88       .ctor_566E88      00566E88     .OBJ
 0001:00164E94       get_Value_566E94      00566E94     .OBJ
 0001:00164EF4       set_Value_566EF4      00566EF4     .OBJ
 0001:00164F54       get_AttributeValue_566F54      00566F54     .OBJ
 0001:00164FBC       set_AttributeValue_566FBC      00566FBC     .OBJ
 0001:0016501C       get_AttributeValue_56701C      0056701C     .OBJ
 0001:0016503C       set_AttributeValue_56703C      0056703C     .OBJ
 0001:0016504C       CreateAttribute_56704C      0056704C     .OBJ
 0001:00165078       CreateNamespaceAttribute_567078      00567078     .OBJ
 0001:001650A0       RemoveNamespaceAttributes_5670A0      005670A0     .OBJ
 0001:00165100       RemoveNamespaceAttributes_567100      00567100     .OBJ
 0001:00165174       RemoveNamespaceAttributes_567174      00567174     .OBJ
 0001:00165318       .ctor_567318      00567318     .OBJ
 0001:00165338       ProcessXElement_567338      00567338     .OBJ
 0001:00165364       ProcessObject_567364      00567364     .OBJ
 0001:001653A8       .cctor_5673A8      005673A8     .OBJ
 0001:001653B8       __ENCAddToList_5673B8      005673B8     .OBJ
 0001:001654C8       .ctor_5674C8      005674C8     .OBJ
 0001:0016552C       .ctor_56752C      0056752C     .OBJ
 0001:00165A28       get_alt_567A28      00567A28     .OBJ
 0001:00165A40       get_cordin_567A40      00567A40     .OBJ
 0001:00165A58       get_enemies_567A58      00567A58     .OBJ
 0001:00165A70       get_field_567A70      00567A70     .OBJ
 0001:00165A88       get_flats_567A88      00567A88     .OBJ
 0001:00165AA0       get_friends_567AA0      00567AA0     .OBJ
 0001:00165AB8       get_hero_567AB8      00567AB8     .OBJ
 0001:00165AD0       get_hunt_567AD0      00567AD0     .OBJ
 0001:00165AE8       get_neutral_567AE8      00567AE8     .OBJ
 0001:00165B00       get_npc_567B00      00567B00     .OBJ
 0001:00165B18       get_altcoord_567B18      00567B18     .OBJ
 0001:00165B30       get_enemiescoord_567B30      00567B30     .OBJ
 0001:00165B48       get_friendscoord_567B48      00567B48     .OBJ
 0001:00165B60       get_hero_alliance_567B60      00567B60     .OBJ
 0001:00165B78       get_neutralcoord_567B78      00567B78     .OBJ
 0001:00165B90       get_SchemaSerializationMode_567B90      00567B90     .OBJ
 0001:00165BA8       set_SchemaSerializationMode_567BA8      00567BA8     .OBJ
 0001:00165BB4       get_Tables_567BB4      00567BB4     .OBJ
 0001:00165BCC       get_Relations_567BCC      00567BCC     .OBJ
 0001:00165BE4       InitializeDerivedDataSet_567BE4      00567BE4     .OBJ
 0001:00165C00       Clone_567C00      00567C00     .OBJ
 0001:00165C34       ShouldSerializeTables_567C34      00567C34     .OBJ
 0001:00165C48       ShouldSerializeRelations_567C48      00567C48     .OBJ
 0001:00165C5C       ReadXmlSerializable_567C5C      00567C5C     .OBJ
 0001:00166088       GetSchemaSerializable_568088      00568088     .OBJ
 0001:001660C4       InitVars_5680C4      005680C4     .OBJ
 0001:001660D0       InitVars_5680D0      005680D0     .OBJ
 0001:00166484       InitClass_568484      00568484     .OBJ
 0001:0016667C       ShouldSerializealt_56867C      0056867C     .OBJ
 0001:00166690       ShouldSerializecordin_568690      00568690     .OBJ
 0001:001666A4       ShouldSerializeenemies_5686A4      005686A4     .OBJ
 0001:001666B8       ShouldSerializefield_5686B8      005686B8     .OBJ
 0001:001666CC       ShouldSerializeflats_5686CC      005686CC     .OBJ
 0001:001666E0       ShouldSerializefriends_5686E0      005686E0     .OBJ
 0001:001666F4       ShouldSerializehero_5686F4      005686F4     .OBJ
 0001:00166708       ShouldSerializehunt_568708      00568708     .OBJ
 0001:0016671C       ShouldSerializeneutral_56871C      0056871C     .OBJ
 0001:00166730       ShouldSerializenpc_568730      00568730     .OBJ
 0001:00166744       ShouldSerializealtcoord_568744      00568744     .OBJ
 0001:00166758       ShouldSerializeenemiescoord_568758      00568758     .OBJ
 0001:0016676C       ShouldSerializefriendscoord_56876C      0056876C     .OBJ
 0001:00166780       ShouldSerializehero_alliance_568780      00568780     .OBJ
 0001:00166794       ShouldSerializeneutralcoord_568794      00568794     .OBJ
 0001:001667A8       SchemaChanged_5687A8      005687A8     .OBJ
 0001:001667CC       GetTypedDataSetSchema_5687CC      005687CC     .OBJ
 0001:001667CC       .ctor_400000      00400000     .OBJ
 0001:001667CC       BeginInvoke_400000      00400000     .OBJ
 0001:001667CC       EndInvoke_400000      00400000     .OBJ
 0001:001667CC       Invoke_400000      00400000     .OBJ
 0001:001667CC       .ctor_400000      00400000     .OBJ
 0001:001667CC       BeginInvoke_400000      00400000     .OBJ
 0001:001667CC       EndInvoke_400000      00400000     .OBJ
 0001:001667CC       Invoke_400000      00400000     .OBJ
 0001:001667CC       .ctor_400000      00400000     .OBJ
 0001:001667CC       BeginInvoke_400000      00400000     .OBJ
 0001:001667CC       EndInvoke_400000      00400000     .OBJ
 0001:001667CC       Invoke_400000      00400000     .OBJ
 0001:001667CC       .ctor_400000      00400000     .OBJ
 0001:001667CC       BeginInvoke_400000      00400000     .OBJ
 0001:001667CC       EndInvoke_400000      00400000     .OBJ
 0001:001667CC       Invoke_400000      00400000     .OBJ
 0001:001667CC       .ctor_400000      00400000     .OBJ
 0001:001667CC       BeginInvoke_400000      00400000     .OBJ
 0001:001667CC       EndInvoke_400000      00400000     .OBJ
 0001:001667CC       Invoke_400000      00400000     .OBJ
 0001:001667CC       .ctor_400000      00400000     .OBJ
 0001:001667CC       BeginInvoke_400000      00400000     .OBJ
 0001:001667CC       EndInvoke_400000      00400000     .OBJ
 0001:001667CC       Invoke_400000      00400000     .OBJ
 0001:001667CC       .ctor_400000      00400000     .OBJ
 0001:001667CC       BeginInvoke_400000      00400000     .OBJ
 0001:001667CC       EndInvoke_400000      00400000     .OBJ
 0001:001667CC       Invoke_400000      00400000     .OBJ
 0001:001667CC       .ctor_400000      00400000     .OBJ
 0001:001667CC       BeginInvoke_400000      00400000     .OBJ
 0001:001667CC       EndInvoke_400000      00400000     .OBJ
 0001:001667CC       Invoke_400000      00400000     .OBJ
 0001:001667CC       .ctor_400000      00400000     .OBJ
 0001:001667CC       BeginInvoke_400000      00400000     .OBJ
 0001:001667CC       EndInvoke_400000      00400000     .OBJ
 0001:001667CC       Invoke_400000      00400000     .OBJ
 0001:001667CC       .ctor_400000      00400000     .OBJ
 0001:001667CC       BeginInvoke_400000      00400000     .OBJ
 0001:001667CC       EndInvoke_400000      00400000     .OBJ
 0001:001667CC       Invoke_400000      00400000     .OBJ
 0001:001667CC       .ctor_400000      00400000     .OBJ
 0001:001667CC       BeginInvoke_400000      00400000     .OBJ
 0001:001667CC       EndInvoke_400000      00400000     .OBJ
 0001:001667CC       Invoke_400000      00400000     .OBJ
 0001:001667CC       .ctor_400000      00400000     .OBJ
 0001:001667CC       BeginInvoke_400000      00400000     .OBJ
 0001:001667CC       EndInvoke_400000      00400000     .OBJ
 0001:001667CC       Invoke_400000      00400000     .OBJ
 0001:001667CC       .ctor_400000      00400000     .OBJ
 0001:001667CC       BeginInvoke_400000      00400000     .OBJ
 0001:001667CC       EndInvoke_400000      00400000     .OBJ
 0001:001667CC       Invoke_400000      00400000     .OBJ
 0001:001667CC       .ctor_400000      00400000     .OBJ
 0001:001667CC       BeginInvoke_400000      00400000     .OBJ
 0001:001667CC       EndInvoke_400000      00400000     .OBJ
 0001:001667CC       Invoke_400000      00400000     .OBJ
 0001:001667CC       .ctor_400000      00400000     .OBJ
 0001:001667CC       BeginInvoke_400000      00400000     .OBJ
 0001:001667CC       EndInvoke_400000      00400000     .OBJ
 0001:001667CC       Invoke_400000      00400000     .OBJ
 0001:00166964       .cctor_568964      00568964     .OBJ
 0001:00166974       __ENCAddToList_568974      00568974     .OBJ
 0001:00166A84       .ctor_568A84      00568A84     .OBJ
 0001:00166AB8       .ctor_568AB8      00568AB8     .OBJ
 0001:00166B8C       .ctor_568B8C      00568B8C     .OBJ
 0001:00166BA8       get_idColumn_568BA8      00568BA8     .OBJ
 0001:00166BC0       get_allianceColumn_568BC0      00568BC0     .OBJ
 0001:00166BD8       get_playerColumn_568BD8      00568BD8     .OBJ
 0001:00166BF0       get_xColumn_568BF0      00568BF0     .OBJ
 0001:00166C08       get_yColumn_568C08      00568C08     .OBJ
 0001:00166C20       get_Count_568C20      00568C20     .OBJ
 0001:00166C40       get_Item_568C40      00568C40     .OBJ
 0001:00166C64       add_altRowChanging_568C64      00568C64     .OBJ
 0001:00166C80       remove_altRowChanging_568C80      00568C80     .OBJ
 0001:00166C9C       add_altRowChanged_568C9C      00568C9C     .OBJ
 0001:00166CB8       remove_altRowChanged_568CB8      00568CB8     .OBJ
 0001:00166CD4       add_altRowDeleting_568CD4      00568CD4     .OBJ
 0001:00166CF0       remove_altRowDeleting_568CF0      00568CF0     .OBJ
 0001:00166D0C       add_altRowDeleted_568D0C      00568D0C     .OBJ
 0001:00166D28       remove_altRowDeleted_568D28      00568D28     .OBJ
 0001:00166D44       AddaltRow_568D44      00568D44     .OBJ
 0001:00166D58       AddaltRow_568D58      00568D58     .OBJ
 0001:00166DBC       FindByid_568DBC      00568DBC     .OBJ
 0001:00166DF0       Clone_568DF0      00568DF0     .OBJ
 0001:00166E18       CreateInstance_568E18      00568E18     .OBJ
 0001:00166E30       InitVars_568E30      00568E30     .OBJ
 0001:00166EB0       InitClass_568EB0      00568EB0     .OBJ
 0001:00167034       NewaltRow_569034      00569034     .OBJ
 0001:00167054       NewRowFromBuilder_569054      00569054     .OBJ
 0001:0016706C       GetRowType_56906C      0056906C     .OBJ
 0001:00167088       OnRowChanged_569088      00569088     .OBJ
 0001:001670E0       OnRowChanging_5690E0      005690E0     .OBJ
 0001:00167138       OnRowDeleted_569138      00569138     .OBJ
 0001:00167190       OnRowDeleting_569190      00569190     .OBJ
 0001:001671E8       RemovealtRow_5691E8      005691E8     .OBJ
 0001:001671FC       GetTypedTableSchema_5691FC      005691FC     .OBJ
 0001:00167470       .cctor_569470      00569470     .OBJ
 0001:00167480       __ENCAddToList_569480      00569480     .OBJ
 0001:00167590       .ctor_569590      00569590     .OBJ
 0001:001675C4       .ctor_5695C4      005695C4     .OBJ
 0001:00167698       .ctor_569698      00569698     .OBJ
 0001:001676B4       get_allianceColumn_5696B4      005696B4     .OBJ
 0001:001676CC       get_playerColumn_5696CC      005696CC     .OBJ
 0001:001676E4       get_xColumn_5696E4      005696E4     .OBJ
 0001:001676FC       get_yColumn_5696FC      005696FC     .OBJ
 0001:00167714       get_citieColumn_569714      00569714     .OBJ
 0001:0016772C       get_IDColumn_56972C      0056972C     .OBJ
 0001:00167744       get_Count_569744      00569744     .OBJ
 0001:00167764       get_Item_569764      00569764     .OBJ
 0001:00167788       add_cordinRowChanging_569788      00569788     .OBJ
 0001:001677A4       remove_cordinRowChanging_5697A4      005697A4     .OBJ
 0001:001677C0       add_cordinRowChanged_5697C0      005697C0     .OBJ
 0001:001677DC       remove_cordinRowChanged_5697DC      005697DC     .OBJ
 0001:001677F8       add_cordinRowDeleting_5697F8      005697F8     .OBJ
 0001:00167814       remove_cordinRowDeleting_569814      00569814     .OBJ
 0001:00167830       add_cordinRowDeleted_569830      00569830     .OBJ
 0001:0016784C       remove_cordinRowDeleted_56984C      0056984C     .OBJ
 0001:00167868       AddcordinRow_569868      00569868     .OBJ
 0001:0016787C       AddcordinRow_56987C      0056987C     .OBJ
 0001:001678EC       FindByID_5698EC      005698EC     .OBJ
 0001:00167920       Clone_569920      00569920     .OBJ
 0001:00167948       CreateInstance_569948      00569948     .OBJ
 0001:00167960       InitVars_569960      00569960     .OBJ
 0001:001679F4       InitClass_5699F4      005699F4     .OBJ
 0001:00167B90       NewcordinRow_569B90      00569B90     .OBJ
 0001:00167BB0       NewRowFromBuilder_569BB0      00569BB0     .OBJ
 0001:00167BC8       GetRowType_569BC8      00569BC8     .OBJ
 0001:00167BE4       OnRowChanged_569BE4      00569BE4     .OBJ
 0001:00167C3C       OnRowChanging_569C3C      00569C3C     .OBJ
 0001:00167C94       OnRowDeleted_569C94      00569C94     .OBJ
 0001:00167CEC       OnRowDeleting_569CEC      00569CEC     .OBJ
 0001:00167D44       RemovecordinRow_569D44      00569D44     .OBJ
 0001:00167D58       GetTypedTableSchema_569D58      00569D58     .OBJ
 0001:00167FCC       .cctor_569FCC      00569FCC     .OBJ
 0001:00167FDC       __ENCAddToList_569FDC      00569FDC     .OBJ
 0001:001680EC       .ctor_56A0EC      0056A0EC     .OBJ
 0001:00168120       .ctor_56A120      0056A120     .OBJ
 0001:001681F4       .ctor_56A1F4      0056A1F4     .OBJ
 0001:00168210       get_idColumn_56A210      0056A210     .OBJ
 0001:00168228       get_allianceColumn_56A228      0056A228     .OBJ
 0001:00168240       get_playerColumn_56A240      0056A240     .OBJ
 0001:00168258       get_xColumn_56A258      0056A258     .OBJ
 0001:00168270       get_yColumn_56A270      0056A270     .OBJ
 0001:00168288       get_Count_56A288      0056A288     .OBJ
 0001:001682A8       get_Item_56A2A8      0056A2A8     .OBJ
 0001:001682CC       add_enemiesRowChanging_56A2CC      0056A2CC     .OBJ
 0001:001682E8       remove_enemiesRowChanging_56A2E8      0056A2E8     .OBJ
 0001:00168304       add_enemiesRowChanged_56A304      0056A304     .OBJ
 0001:00168320       remove_enemiesRowChanged_56A320      0056A320     .OBJ
 0001:0016833C       add_enemiesRowDeleting_56A33C      0056A33C     .OBJ
 0001:00168358       remove_enemiesRowDeleting_56A358      0056A358     .OBJ
 0001:00168374       add_enemiesRowDeleted_56A374      0056A374     .OBJ
 0001:00168390       remove_enemiesRowDeleted_56A390      0056A390     .OBJ
 0001:001683AC       AddenemiesRow_56A3AC      0056A3AC     .OBJ
 0001:001683C0       AddenemiesRow_56A3C0      0056A3C0     .OBJ
 0001:00168424       FindByid_56A424      0056A424     .OBJ
 0001:00168458       Clone_56A458      0056A458     .OBJ
 0001:00168480       CreateInstance_56A480      0056A480     .OBJ
 0001:00168498       InitVars_56A498      0056A498     .OBJ
 0001:00168518       InitClass_56A518      0056A518     .OBJ
 0001:0016869C       NewenemiesRow_56A69C      0056A69C     .OBJ
 0001:001686BC       NewRowFromBuilder_56A6BC      0056A6BC     .OBJ
 0001:001686D4       GetRowType_56A6D4      0056A6D4     .OBJ
 0001:001686F0       OnRowChanged_56A6F0      0056A6F0     .OBJ
 0001:00168748       OnRowChanging_56A748      0056A748     .OBJ
 0001:001687A0       OnRowDeleted_56A7A0      0056A7A0     .OBJ
 0001:001687F8       OnRowDeleting_56A7F8      0056A7F8     .OBJ
 0001:00168850       RemoveenemiesRow_56A850      0056A850     .OBJ
 0001:00168864       GetTypedTableSchema_56A864      0056A864     .OBJ
 0001:00168AD8       .cctor_56AAD8      0056AAD8     .OBJ
 0001:00168AE8       __ENCAddToList_56AAE8      0056AAE8     .OBJ
 0001:00168BF8       .ctor_56ABF8      0056ABF8     .OBJ
 0001:00168C2C       .ctor_56AC2C      0056AC2C     .OBJ
 0001:00168D00       .ctor_56AD00      0056AD00     .OBJ
 0001:00168D1C       get_xColumn_56AD1C      0056AD1C     .OBJ
 0001:00168D34       get_yColumn_56AD34      0056AD34     .OBJ
 0001:00168D4C       get_levelColumn_56AD4C      0056AD4C     .OBJ
 0001:00168D64       get_fieldColumn_56AD64      0056AD64     .OBJ
 0001:00168D7C       get_IDColumn_56AD7C      0056AD7C     .OBJ
 0001:00168D94       get_Count_56AD94      0056AD94     .OBJ
 0001:00168DB4       get_Item_56ADB4      0056ADB4     .OBJ
 0001:00168DD8       add_fieldRowChanging_56ADD8      0056ADD8     .OBJ
 0001:00168DF4       remove_fieldRowChanging_56ADF4      0056ADF4     .OBJ
 0001:00168E10       add_fieldRowChanged_56AE10      0056AE10     .OBJ
 0001:00168E2C       remove_fieldRowChanged_56AE2C      0056AE2C     .OBJ
 0001:00168E48       add_fieldRowDeleting_56AE48      0056AE48     .OBJ
 0001:00168E64       remove_fieldRowDeleting_56AE64      0056AE64     .OBJ
 0001:00168E80       add_fieldRowDeleted_56AE80      0056AE80     .OBJ
 0001:00168E9C       remove_fieldRowDeleted_56AE9C      0056AE9C     .OBJ
 0001:00168EB8       AddfieldRow_56AEB8      0056AEB8     .OBJ
 0001:00168ECC       AddfieldRow_56AECC      0056AECC     .OBJ
 0001:00168F34       FindByID_56AF34      0056AF34     .OBJ
 0001:00168F68       Clone_56AF68      0056AF68     .OBJ
 0001:00168F90       CreateInstance_56AF90      0056AF90     .OBJ
 0001:00168FA8       InitVars_56AFA8      0056AFA8     .OBJ
 0001:00169028       InitClass_56B028      0056B028     .OBJ
 0001:0016919C       NewfieldRow_56B19C      0056B19C     .OBJ
 0001:001691BC       NewRowFromBuilder_56B1BC      0056B1BC     .OBJ
 0001:001691D4       GetRowType_56B1D4      0056B1D4     .OBJ
 0001:001691F0       OnRowChanged_56B1F0      0056B1F0     .OBJ
 0001:00169248       OnRowChanging_56B248      0056B248     .OBJ
 0001:001692A0       OnRowDeleted_56B2A0      0056B2A0     .OBJ
 0001:001692F8       OnRowDeleting_56B2F8      0056B2F8     .OBJ
 0001:00169350       RemovefieldRow_56B350      0056B350     .OBJ
 0001:00169364       GetTypedTableSchema_56B364      0056B364     .OBJ
 0001:001695D8       .cctor_56B5D8      0056B5D8     .OBJ
 0001:001695E8       __ENCAddToList_56B5E8      0056B5E8     .OBJ
 0001:001696F8       .ctor_56B6F8      0056B6F8     .OBJ
 0001:0016972C       .ctor_56B72C      0056B72C     .OBJ
 0001:00169800       .ctor_56B800      0056B800     .OBJ
 0001:0016981C       get_xColumn_56B81C      0056B81C     .OBJ
 0001:00169834       get_yColumn_56B834      0056B834     .OBJ
 0001:0016984C       get_levelColumn_56B84C      0056B84C     .OBJ
 0001:00169864       get_IDColumn_56B864      0056B864     .OBJ
 0001:0016987C       get_Count_56B87C      0056B87C     .OBJ
 0001:0016989C       get_Item_56B89C      0056B89C     .OBJ
 0001:001698C0       add_flatsRowChanging_56B8C0      0056B8C0     .OBJ
 0001:001698DC       remove_flatsRowChanging_56B8DC      0056B8DC     .OBJ
 0001:001698F8       add_flatsRowChanged_56B8F8      0056B8F8     .OBJ
 0001:00169914       remove_flatsRowChanged_56B914      0056B914     .OBJ
 0001:00169930       add_flatsRowDeleting_56B930      0056B930     .OBJ
 0001:0016994C       remove_flatsRowDeleting_56B94C      0056B94C     .OBJ
 0001:00169968       add_flatsRowDeleted_56B968      0056B968     .OBJ
 0001:00169984       remove_flatsRowDeleted_56B984      0056B984     .OBJ
 0001:001699A0       AddflatsRow_56B9A0      0056B9A0     .OBJ
 0001:001699B4       AddflatsRow_56B9B4      0056B9B4     .OBJ
 0001:00169A14       FindByID_56BA14      0056BA14     .OBJ
 0001:00169A48       Clone_56BA48      0056BA48     .OBJ
 0001:00169A70       CreateInstance_56BA70      0056BA70     .OBJ
 0001:00169A88       InitVars_56BA88      0056BA88     .OBJ
 0001:00169AF0       InitClass_56BAF0      0056BAF0     .OBJ
 0001:00169C24       NewflatsRow_56BC24      0056BC24     .OBJ
 0001:00169C44       NewRowFromBuilder_56BC44      0056BC44     .OBJ
 0001:00169C5C       GetRowType_56BC5C      0056BC5C     .OBJ
 0001:00169C78       OnRowChanged_56BC78      0056BC78     .OBJ
 0001:00169CD0       OnRowChanging_56BCD0      0056BCD0     .OBJ
 0001:00169D28       OnRowDeleted_56BD28      0056BD28     .OBJ
 0001:00169D80       OnRowDeleting_56BD80      0056BD80     .OBJ
 0001:00169DD8       RemoveflatsRow_56BDD8      0056BDD8     .OBJ
 0001:00169DEC       GetTypedTableSchema_56BDEC      0056BDEC     .OBJ
 0001:0016A060       .cctor_56C060      0056C060     .OBJ
 0001:0016A070       __ENCAddToList_56C070      0056C070     .OBJ
 0001:0016A180       .ctor_56C180      0056C180     .OBJ
 0001:0016A1B4       .ctor_56C1B4      0056C1B4     .OBJ
 0001:0016A288       .ctor_56C288      0056C288     .OBJ
 0001:0016A2A4       get_idColumn_56C2A4      0056C2A4     .OBJ
 0001:0016A2BC       get_allianceColumn_56C2BC      0056C2BC     .OBJ
 0001:0016A2D4       get_playerColumn_56C2D4      0056C2D4     .OBJ
 0001:0016A2EC       get_xColumn_56C2EC      0056C2EC     .OBJ
 0001:0016A304       get_yColumn_56C304      0056C304     .OBJ
 0001:0016A31C       get_Count_56C31C      0056C31C     .OBJ
 0001:0016A33C       get_Item_56C33C      0056C33C     .OBJ
 0001:0016A360       add_friendsRowChanging_56C360      0056C360     .OBJ
 0001:0016A37C       remove_friendsRowChanging_56C37C      0056C37C     .OBJ
 0001:0016A398       add_friendsRowChanged_56C398      0056C398     .OBJ
 0001:0016A3B4       remove_friendsRowChanged_56C3B4      0056C3B4     .OBJ
 0001:0016A3D0       add_friendsRowDeleting_56C3D0      0056C3D0     .OBJ
 0001:0016A3EC       remove_friendsRowDeleting_56C3EC      0056C3EC     .OBJ
 0001:0016A408       add_friendsRowDeleted_56C408      0056C408     .OBJ
 0001:0016A424       remove_friendsRowDeleted_56C424      0056C424     .OBJ
 0001:0016A440       AddfriendsRow_56C440      0056C440     .OBJ
 0001:0016A454       AddfriendsRow_56C454      0056C454     .OBJ
 0001:0016A4B8       FindByid_56C4B8      0056C4B8     .OBJ
 0001:0016A4EC       Clone_56C4EC      0056C4EC     .OBJ
 0001:0016A514       CreateInstance_56C514      0056C514     .OBJ
 0001:0016A52C       InitVars_56C52C      0056C52C     .OBJ
 0001:0016A5AC       InitClass_56C5AC      0056C5AC     .OBJ
 0001:0016A730       NewfriendsRow_56C730      0056C730     .OBJ
 0001:0016A750       NewRowFromBuilder_56C750      0056C750     .OBJ
 0001:0016A768       GetRowType_56C768      0056C768     .OBJ
 0001:0016A784       OnRowChanged_56C784      0056C784     .OBJ
 0001:0016A7DC       OnRowChanging_56C7DC      0056C7DC     .OBJ
 0001:0016A834       OnRowDeleted_56C834      0056C834     .OBJ
 0001:0016A88C       OnRowDeleting_56C88C      0056C88C     .OBJ
 0001:0016A8E4       RemovefriendsRow_56C8E4      0056C8E4     .OBJ
 0001:0016A8F8       GetTypedTableSchema_56C8F8      0056C8F8     .OBJ
 0001:0016AB6C       .cctor_56CB6C      0056CB6C     .OBJ
 0001:0016AB7C       __ENCAddToList_56CB7C      0056CB7C     .OBJ
 0001:0016AC8C       .ctor_56CC8C      0056CC8C     .OBJ
 0001:0016ACC0       .ctor_56CCC0      0056CCC0     .OBJ
 0001:0016AD94       .ctor_56CD94      0056CD94     .OBJ
 0001:0016ADB0       get_hero_nrColumn_56CDB0      0056CDB0     .OBJ
 0001:0016ADC8       get_hero_nameColumn_56CDC8      0056CDC8     .OBJ
 0001:0016ADE0       get_player_nameColumn_56CDE0      0056CDE0     .OBJ
 0001:0016ADF8       get_levelColumn_56CDF8      0056CDF8     .OBJ
 0001:0016AE10       get_politColumn_56CE10      0056CE10     .OBJ
 0001:0016AE28       get_attColumn_56CE28      0056CE28     .OBJ
 0001:0016AE40       get_intelColumn_56CE40      0056CE40     .OBJ
 0001:0016AE58       get_idColumn_56CE58      0056CE58     .OBJ
 0001:0016AE70       get_Count_56CE70      0056CE70     .OBJ
 0001:0016AE90       get_Item_56CE90      0056CE90     .OBJ
 0001:0016AEB4       add_heroRowChanging_56CEB4      0056CEB4     .OBJ
 0001:0016AED0       remove_heroRowChanging_56CED0      0056CED0     .OBJ
 0001:0016AEEC       add_heroRowChanged_56CEEC      0056CEEC     .OBJ
 0001:0016AF08       remove_heroRowChanged_56CF08      0056CF08     .OBJ
 0001:0016AF24       add_heroRowDeleting_56CF24      0056CF24     .OBJ
 0001:0016AF40       remove_heroRowDeleting_56CF40      0056CF40     .OBJ
 0001:0016AF5C       add_heroRowDeleted_56CF5C      0056CF5C     .OBJ
 0001:0016AF78       remove_heroRowDeleted_56CF78      0056CF78     .OBJ
 0001:0016AF94       AddheroRow_56CF94      0056CF94     .OBJ
 0001:0016AFA8       AddheroRow_56CFA8      0056CFA8     .OBJ
 0001:0016B02C       FindByid_56D02C      0056D02C     .OBJ
 0001:0016B060       Clone_56D060      0056D060     .OBJ
 0001:0016B088       CreateInstance_56D088      0056D088     .OBJ
 0001:0016B0A0       InitVars_56D0A0      0056D0A0     .OBJ
 0001:0016B160       InitClass_56D160      0056D160     .OBJ
 0001:0016B370       NewheroRow_56D370      0056D370     .OBJ
 0001:0016B390       NewRowFromBuilder_56D390      0056D390     .OBJ
 0001:0016B3A8       GetRowType_56D3A8      0056D3A8     .OBJ
 0001:0016B3C4       OnRowChanged_56D3C4      0056D3C4     .OBJ
 0001:0016B41C       OnRowChanging_56D41C      0056D41C     .OBJ
 0001:0016B474       OnRowDeleted_56D474      0056D474     .OBJ
 0001:0016B4CC       OnRowDeleting_56D4CC      0056D4CC     .OBJ
 0001:0016B524       RemoveheroRow_56D524      0056D524     .OBJ
 0001:0016B538       GetTypedTableSchema_56D538      0056D538     .OBJ
 0001:0016B7AC       .cctor_56D7AC      0056D7AC     .OBJ
 0001:0016B7BC       __ENCAddToList_56D7BC      0056D7BC     .OBJ
 0001:0016B8CC       .ctor_56D8CC      0056D8CC     .OBJ
 0001:0016B900       .ctor_56D900      0056D900     .OBJ
 0001:0016B9D4       .ctor_56D9D4      0056D9D4     .OBJ
 0001:0016B9F0       get_xColumn_56D9F0      0056D9F0     .OBJ
 0001:0016BA08       get_yColumn_56DA08      0056DA08     .OBJ
 0001:0016BA20       get_playerColumn_56DA20      0056DA20     .OBJ
 0001:0016BA38       get_IDColumn_56DA38      0056DA38     .OBJ
 0001:0016BA50       get_Count_56DA50      0056DA50     .OBJ
 0001:0016BA70       get_Item_56DA70      0056DA70     .OBJ
 0001:0016BA94       add_huntRowChanging_56DA94      0056DA94     .OBJ
 0001:0016BAB0       remove_huntRowChanging_56DAB0      0056DAB0     .OBJ
 0001:0016BACC       add_huntRowChanged_56DACC      0056DACC     .OBJ
 0001:0016BAE8       remove_huntRowChanged_56DAE8      0056DAE8     .OBJ
 0001:0016BB04       add_huntRowDeleting_56DB04      0056DB04     .OBJ
 0001:0016BB20       remove_huntRowDeleting_56DB20      0056DB20     .OBJ
 0001:0016BB3C       add_huntRowDeleted_56DB3C      0056DB3C     .OBJ
 0001:0016BB58       remove_huntRowDeleted_56DB58      0056DB58     .OBJ
 0001:0016BB74       AddhuntRow_56DB74      0056DB74     .OBJ
 0001:0016BB88       AddhuntRow_56DB88      0056DB88     .OBJ
 0001:0016BBE4       FindByID_56DBE4      0056DBE4     .OBJ
 0001:0016BC18       Clone_56DC18      0056DC18     .OBJ
 0001:0016BC40       CreateInstance_56DC40      0056DC40     .OBJ
 0001:0016BC58       InitVars_56DC58      0056DC58     .OBJ
 0001:0016BCC0       InitClass_56DCC0      0056DCC0     .OBJ
 0001:0016BE04       NewhuntRow_56DE04      0056DE04     .OBJ
 0001:0016BE24       NewRowFromBuilder_56DE24      0056DE24     .OBJ
 0001:0016BE3C       GetRowType_56DE3C      0056DE3C     .OBJ
 0001:0016BE58       OnRowChanged_56DE58      0056DE58     .OBJ
 0001:0016BEB0       OnRowChanging_56DEB0      0056DEB0     .OBJ
 0001:0016BF08       OnRowDeleted_56DF08      0056DF08     .OBJ
 0001:0016BF60       OnRowDeleting_56DF60      0056DF60     .OBJ
 0001:0016BFB8       RemovehuntRow_56DFB8      0056DFB8     .OBJ
 0001:0016BFCC       GetTypedTableSchema_56DFCC      0056DFCC     .OBJ
 0001:0016C240       .cctor_56E240      0056E240     .OBJ
 0001:0016C250       __ENCAddToList_56E250      0056E250     .OBJ
 0001:0016C360       .ctor_56E360      0056E360     .OBJ
 0001:0016C394       .ctor_56E394      0056E394     .OBJ
 0001:0016C468       .ctor_56E468      0056E468     .OBJ
 0001:0016C484       get_idColumn_56E484      0056E484     .OBJ
 0001:0016C49C       get_allianceColumn_56E49C      0056E49C     .OBJ
 0001:0016C4B4       get_playerColumn_56E4B4      0056E4B4     .OBJ
 0001:0016C4CC       get_xColumn_56E4CC      0056E4CC     .OBJ
 0001:0016C4E4       get_yColumn_56E4E4      0056E4E4     .OBJ
 0001:0016C4FC       get_Count_56E4FC      0056E4FC     .OBJ
 0001:0016C51C       get_Item_56E51C      0056E51C     .OBJ
 0001:0016C540       add_neutralRowChanging_56E540      0056E540     .OBJ
 0001:0016C55C       remove_neutralRowChanging_56E55C      0056E55C     .OBJ
 0001:0016C578       add_neutralRowChanged_56E578      0056E578     .OBJ
 0001:0016C594       remove_neutralRowChanged_56E594      0056E594     .OBJ
 0001:0016C5B0       add_neutralRowDeleting_56E5B0      0056E5B0     .OBJ
 0001:0016C5CC       remove_neutralRowDeleting_56E5CC      0056E5CC     .OBJ
 0001:0016C5E8       add_neutralRowDeleted_56E5E8      0056E5E8     .OBJ
 0001:0016C604       remove_neutralRowDeleted_56E604      0056E604     .OBJ
 0001:0016C620       AddneutralRow_56E620      0056E620     .OBJ
 0001:0016C634       AddneutralRow_56E634      0056E634     .OBJ
 0001:0016C698       FindByid_56E698      0056E698     .OBJ
 0001:0016C6CC       Clone_56E6CC      0056E6CC     .OBJ
 0001:0016C6F4       CreateInstance_56E6F4      0056E6F4     .OBJ
 0001:0016C70C       InitVars_56E70C      0056E70C     .OBJ
 0001:0016C78C       InitClass_56E78C      0056E78C     .OBJ
 0001:0016C910       NewneutralRow_56E910      0056E910     .OBJ
 0001:0016C930       NewRowFromBuilder_56E930      0056E930     .OBJ
 0001:0016C948       GetRowType_56E948      0056E948     .OBJ
 0001:0016C964       OnRowChanged_56E964      0056E964     .OBJ
 0001:0016C9BC       OnRowChanging_56E9BC      0056E9BC     .OBJ
 0001:0016CA14       OnRowDeleted_56EA14      0056EA14     .OBJ
 0001:0016CA6C       OnRowDeleting_56EA6C      0056EA6C     .OBJ
 0001:0016CAC4       RemoveneutralRow_56EAC4      0056EAC4     .OBJ
 0001:0016CAD8       GetTypedTableSchema_56EAD8      0056EAD8     .OBJ
 0001:0016CD4C       .cctor_56ED4C      0056ED4C     .OBJ
 0001:0016CD5C       __ENCAddToList_56ED5C      0056ED5C     .OBJ
 0001:0016CE6C       .ctor_56EE6C      0056EE6C     .OBJ
 0001:0016CEA0       .ctor_56EEA0      0056EEA0     .OBJ
 0001:0016CF74       .ctor_56EF74      0056EF74     .OBJ
 0001:0016CF90       get_xColumn_56EF90      0056EF90     .OBJ
 0001:0016CFA8       get_yColumn_56EFA8      0056EFA8     .OBJ
 0001:0016CFC0       get_levelColumn_56EFC0      0056EFC0     .OBJ
 0001:0016CFD8       get_IDColumn_56EFD8      0056EFD8     .OBJ
 0001:0016CFF0       get_Count_56EFF0      0056EFF0     .OBJ
 0001:0016D010       get_Item_56F010      0056F010     .OBJ
 0001:0016D034       add_npcRowChanging_56F034      0056F034     .OBJ
 0001:0016D050       remove_npcRowChanging_56F050      0056F050     .OBJ
 0001:0016D06C       add_npcRowChanged_56F06C      0056F06C     .OBJ
 0001:0016D088       remove_npcRowChanged_56F088      0056F088     .OBJ
 0001:0016D0A4       add_npcRowDeleting_56F0A4      0056F0A4     .OBJ
 0001:0016D0C0       remove_npcRowDeleting_56F0C0      0056F0C0     .OBJ
 0001:0016D0DC       add_npcRowDeleted_56F0DC      0056F0DC     .OBJ
 0001:0016D0F8       remove_npcRowDeleted_56F0F8      0056F0F8     .OBJ
 0001:0016D114       AddnpcRow_56F114      0056F114     .OBJ
 0001:0016D128       AddnpcRow_56F128      0056F128     .OBJ
 0001:0016D188       FindByID_56F188      0056F188     .OBJ
 0001:0016D1BC       Clone_56F1BC      0056F1BC     .OBJ
 0001:0016D1E4       CreateInstance_56F1E4      0056F1E4     .OBJ
 0001:0016D1FC       InitVars_56F1FC      0056F1FC     .OBJ
 0001:0016D264       InitClass_56F264      0056F264     .OBJ
 0001:0016D398       NewnpcRow_56F398      0056F398     .OBJ
 0001:0016D3B8       NewRowFromBuilder_56F3B8      0056F3B8     .OBJ
 0001:0016D3D0       GetRowType_56F3D0      0056F3D0     .OBJ
 0001:0016D3EC       OnRowChanged_56F3EC      0056F3EC     .OBJ
 0001:0016D444       OnRowChanging_56F444      0056F444     .OBJ
 0001:0016D49C       OnRowDeleted_56F49C      0056F49C     .OBJ
 0001:0016D4F4       OnRowDeleting_56F4F4      0056F4F4     .OBJ
 0001:0016D54C       RemovenpcRow_56F54C      0056F54C     .OBJ
 0001:0016D560       GetTypedTableSchema_56F560      0056F560     .OBJ
 0001:0016D7D4       .cctor_56F7D4      0056F7D4     .OBJ
 0001:0016D7E4       __ENCAddToList_56F7E4      0056F7E4     .OBJ
 0001:0016D8F4       .ctor_56F8F4      0056F8F4     .OBJ
 0001:0016D928       .ctor_56F928      0056F928     .OBJ
 0001:0016D9FC       .ctor_56F9FC      0056F9FC     .OBJ
 0001:0016DA18       get_idColumn_56FA18      0056FA18     .OBJ
 0001:0016DA30       get_playerColumn_56FA30      0056FA30     .OBJ
 0001:0016DA48       get_allianceColumn_56FA48      0056FA48     .OBJ
 0001:0016DA60       get_xColumn_56FA60      0056FA60     .OBJ
 0001:0016DA78       get_yColumn_56FA78      0056FA78     .OBJ
 0001:0016DA90       get_citieColumn_56FA90      0056FA90     .OBJ
 0001:0016DAA8       get_Count_56FAA8      0056FAA8     .OBJ
 0001:0016DAC8       get_Item_56FAC8      0056FAC8     .OBJ
 0001:0016DAEC       add_altcoordRowChanging_56FAEC      0056FAEC     .OBJ
 0001:0016DB08       remove_altcoordRowChanging_56FB08      0056FB08     .OBJ
 0001:0016DB24       add_altcoordRowChanged_56FB24      0056FB24     .OBJ
 0001:0016DB40       remove_altcoordRowChanged_56FB40      0056FB40     .OBJ
 0001:0016DB5C       add_altcoordRowDeleting_56FB5C      0056FB5C     .OBJ
 0001:0016DB78       remove_altcoordRowDeleting_56FB78      0056FB78     .OBJ
 0001:0016DB94       add_altcoordRowDeleted_56FB94      0056FB94     .OBJ
 0001:0016DBB0       remove_altcoordRowDeleted_56FBB0      0056FBB0     .OBJ
 0001:0016DBCC       AddaltcoordRow_56FBCC      0056FBCC     .OBJ
 0001:0016DBE0       AddaltcoordRow_56FBE0      0056FBE0     .OBJ
 0001:0016DC48       Clone_56FC48      0056FC48     .OBJ
 0001:0016DC70       CreateInstance_56FC70      0056FC70     .OBJ
 0001:0016DC88       InitVars_56FC88      0056FC88     .OBJ
 0001:0016DD1C       InitClass_56FD1C      0056FD1C     .OBJ
 0001:0016DE9C       NewaltcoordRow_56FE9C      0056FE9C     .OBJ
 0001:0016DEBC       NewRowFromBuilder_56FEBC      0056FEBC     .OBJ
 0001:0016DED4       GetRowType_56FED4      0056FED4     .OBJ
 0001:0016DEF0       OnRowChanged_56FEF0      0056FEF0     .OBJ
 0001:0016DF48       OnRowChanging_56FF48      0056FF48     .OBJ
 0001:0016DFA0       OnRowDeleted_56FFA0      0056FFA0     .OBJ
 0001:0016DFF8       OnRowDeleting_56FFF8      0056FFF8     .OBJ
 0001:0016E050       RemovealtcoordRow_570050      00570050     .OBJ
 0001:0016E064       GetTypedTableSchema_570064      00570064     .OBJ
 0001:0016E2D8       .cctor_5702D8      005702D8     .OBJ
 0001:0016E2E8       __ENCAddToList_5702E8      005702E8     .OBJ
 0001:0016E3F8       .ctor_5703F8      005703F8     .OBJ
 0001:0016E42C       .ctor_57042C      0057042C     .OBJ
 0001:0016E500       .ctor_570500      00570500     .OBJ
 0001:0016E51C       get_idColumn_57051C      0057051C     .OBJ
 0001:0016E534       get_allianceColumn_570534      00570534     .OBJ
 0001:0016E54C       get_playerColumn_57054C      0057054C     .OBJ
 0001:0016E564       get_xColumn_570564      00570564     .OBJ
 0001:0016E57C       get_yColumn_57057C      0057057C     .OBJ
 0001:0016E594       get_citieColumn_570594      00570594     .OBJ
 0001:0016E5AC       get_Count_5705AC      005705AC     .OBJ
 0001:0016E5CC       get_Item_5705CC      005705CC     .OBJ
 0001:0016E5F0       add_enemiescoordRowChanging_5705F0      005705F0     .OBJ
 0001:0016E60C       remove_enemiescoordRowChanging_57060C      0057060C     .OBJ
 0001:0016E628       add_enemiescoordRowChanged_570628      00570628     .OBJ
 0001:0016E644       remove_enemiescoordRowChanged_570644      00570644     .OBJ
 0001:0016E660       add_enemiescoordRowDeleting_570660      00570660     .OBJ
 0001:0016E67C       remove_enemiescoordRowDeleting_57067C      0057067C     .OBJ
 0001:0016E698       add_enemiescoordRowDeleted_570698      00570698     .OBJ
 0001:0016E6B4       remove_enemiescoordRowDeleted_5706B4      005706B4     .OBJ
 0001:0016E6D0       AddenemiescoordRow_5706D0      005706D0     .OBJ
 0001:0016E6E4       AddenemiescoordRow_5706E4      005706E4     .OBJ
 0001:0016E74C       Clone_57074C      0057074C     .OBJ
 0001:0016E774       CreateInstance_570774      00570774     .OBJ
 0001:0016E78C       InitVars_57078C      0057078C     .OBJ
 0001:0016E820       InitClass_570820      00570820     .OBJ
 0001:0016E9A0       NewenemiescoordRow_5709A0      005709A0     .OBJ
 0001:0016E9C0       NewRowFromBuilder_5709C0      005709C0     .OBJ
 0001:0016E9D8       GetRowType_5709D8      005709D8     .OBJ
 0001:0016E9F4       OnRowChanged_5709F4      005709F4     .OBJ
 0001:0016EA4C       OnRowChanging_570A4C      00570A4C     .OBJ
 0001:0016EAA4       OnRowDeleted_570AA4      00570AA4     .OBJ
 0001:0016EAFC       OnRowDeleting_570AFC      00570AFC     .OBJ
 0001:0016EB54       RemoveenemiescoordRow_570B54      00570B54     .OBJ
 0001:0016EB68       GetTypedTableSchema_570B68      00570B68     .OBJ
 0001:0016EDDC       .cctor_570DDC      00570DDC     .OBJ
 0001:0016EDEC       __ENCAddToList_570DEC      00570DEC     .OBJ
 0001:0016EEFC       .ctor_570EFC      00570EFC     .OBJ
 0001:0016EF30       .ctor_570F30      00570F30     .OBJ
 0001:0016F004       .ctor_571004      00571004     .OBJ
 0001:0016F020       get_idColumn_571020      00571020     .OBJ
 0001:0016F038       get_allianceColumn_571038      00571038     .OBJ
 0001:0016F050       get_playerColumn_571050      00571050     .OBJ
 0001:0016F068       get_xColumn_571068      00571068     .OBJ
 0001:0016F080       get_yColumn_571080      00571080     .OBJ
 0001:0016F098       get_citieColumn_571098      00571098     .OBJ
 0001:0016F0B0       get_Count_5710B0      005710B0     .OBJ
 0001:0016F0D0       get_Item_5710D0      005710D0     .OBJ
 0001:0016F0F4       add_friendscoordRowChanging_5710F4      005710F4     .OBJ
 0001:0016F110       remove_friendscoordRowChanging_571110      00571110     .OBJ
 0001:0016F12C       add_friendscoordRowChanged_57112C      0057112C     .OBJ
 0001:0016F148       remove_friendscoordRowChanged_571148      00571148     .OBJ
 0001:0016F164       add_friendscoordRowDeleting_571164      00571164     .OBJ
 0001:0016F180       remove_friendscoordRowDeleting_571180      00571180     .OBJ
 0001:0016F19C       add_friendscoordRowDeleted_57119C      0057119C     .OBJ
 0001:0016F1B8       remove_friendscoordRowDeleted_5711B8      005711B8     .OBJ
 0001:0016F1D4       AddfriendscoordRow_5711D4      005711D4     .OBJ
 0001:0016F1E8       AddfriendscoordRow_5711E8      005711E8     .OBJ
 0001:0016F250       Clone_571250      00571250     .OBJ
 0001:0016F278       CreateInstance_571278      00571278     .OBJ
 0001:0016F290       InitVars_571290      00571290     .OBJ
 0001:0016F324       InitClass_571324      00571324     .OBJ
 0001:0016F4A4       NewfriendscoordRow_5714A4      005714A4     .OBJ
 0001:0016F4C4       NewRowFromBuilder_5714C4      005714C4     .OBJ
 0001:0016F4DC       GetRowType_5714DC      005714DC     .OBJ
 0001:0016F4F8       OnRowChanged_5714F8      005714F8     .OBJ
 0001:0016F550       OnRowChanging_571550      00571550     .OBJ
 0001:0016F5A8       OnRowDeleted_5715A8      005715A8     .OBJ
 0001:0016F600       OnRowDeleting_571600      00571600     .OBJ
 0001:0016F658       RemovefriendscoordRow_571658      00571658     .OBJ
 0001:0016F66C       GetTypedTableSchema_57166C      0057166C     .OBJ
 0001:0016F8E0       .cctor_5718E0      005718E0     .OBJ
 0001:0016F8F0       __ENCAddToList_5718F0      005718F0     .OBJ
 0001:0016FA00       .ctor_571A00      00571A00     .OBJ
 0001:0016FA34       .ctor_571A34      00571A34     .OBJ
 0001:0016FB08       .ctor_571B08      00571B08     .OBJ
 0001:0016FB24       get_hero_nrColumn_571B24      00571B24     .OBJ
 0001:0016FB3C       get_hero_nameColumn_571B3C      00571B3C     .OBJ
 0001:0016FB54       get_player_nameColumn_571B54      00571B54     .OBJ
 0001:0016FB6C       get_allianceColumn_571B6C      00571B6C     .OBJ
 0001:0016FB84       get_levelColumn_571B84      00571B84     .OBJ
 0001:0016FB9C       get_politColumn_571B9C      00571B9C     .OBJ
 0001:0016FBB4       get_attColumn_571BB4      00571BB4     .OBJ
 0001:0016FBCC       get_intelColumn_571BCC      00571BCC     .OBJ
 0001:0016FBE4       get_Count_571BE4      00571BE4     .OBJ
 0001:0016FC04       get_Item_571C04      00571C04     .OBJ
 0001:0016FC28       add_hero_allianceRowChanging_571C28      00571C28     .OBJ
 0001:0016FC44       remove_hero_allianceRowChanging_571C44      00571C44     .OBJ
 0001:0016FC60       add_hero_allianceRowChanged_571C60      00571C60     .OBJ
 0001:0016FC7C       remove_hero_allianceRowChanged_571C7C      00571C7C     .OBJ
 0001:0016FC98       add_hero_allianceRowDeleting_571C98      00571C98     .OBJ
 0001:0016FCB4       remove_hero_allianceRowDeleting_571CB4      00571CB4     .OBJ
 0001:0016FCD0       add_hero_allianceRowDeleted_571CD0      00571CD0     .OBJ
 0001:0016FCEC       remove_hero_allianceRowDeleted_571CEC      00571CEC     .OBJ
 0001:0016FD08       Addhero_allianceRow_571D08      00571D08     .OBJ
 0001:0016FD1C       Addhero_allianceRow_571D1C      00571D1C     .OBJ
 0001:0016FDA0       Clone_571DA0      00571DA0     .OBJ
 0001:0016FDC8       CreateInstance_571DC8      00571DC8     .OBJ
 0001:0016FDE0       InitVars_571DE0      00571DE0     .OBJ
 0001:0016FEA0       InitClass_571EA0      00571EA0     .OBJ
 0001:00170054       Newhero_allianceRow_572054      00572054     .OBJ
 0001:00170074       NewRowFromBuilder_572074      00572074     .OBJ
 0001:0017008C       GetRowType_57208C      0057208C     .OBJ
 0001:001700A8       OnRowChanged_5720A8      005720A8     .OBJ
 0001:00170100       OnRowChanging_572100      00572100     .OBJ
 0001:00170158       OnRowDeleted_572158      00572158     .OBJ
 0001:001701B0       OnRowDeleting_5721B0      005721B0     .OBJ
 0001:00170208       Removehero_allianceRow_572208      00572208     .OBJ
 0001:0017021C       GetTypedTableSchema_57221C      0057221C     .OBJ
 0001:00170490       .cctor_572490      00572490     .OBJ
 0001:001704A0       __ENCAddToList_5724A0      005724A0     .OBJ
 0001:001705B0       .ctor_5725B0      005725B0     .OBJ
 0001:001705E4       .ctor_5725E4      005725E4     .OBJ
 0001:001706B8       .ctor_5726B8      005726B8     .OBJ
 0001:001706D4       get_idColumn_5726D4      005726D4     .OBJ
 0001:001706EC       get_allianceColumn_5726EC      005726EC     .OBJ
 0001:00170704       get_playerColumn_572704      00572704     .OBJ
 0001:0017071C       get_xColumn_57271C      0057271C     .OBJ
 0001:00170734       get_yColumn_572734      00572734     .OBJ
 0001:0017074C       get_Count_57274C      0057274C     .OBJ
 0001:0017076C       get_Item_57276C      0057276C     .OBJ
 0001:00170790       add_neutralcoordRowChanging_572790      00572790     .OBJ
 0001:001707AC       remove_neutralcoordRowChanging_5727AC      005727AC     .OBJ
 0001:001707C8       add_neutralcoordRowChanged_5727C8      005727C8     .OBJ
 0001:001707E4       remove_neutralcoordRowChanged_5727E4      005727E4     .OBJ
 0001:00170800       add_neutralcoordRowDeleting_572800      00572800     .OBJ
 0001:0017081C       remove_neutralcoordRowDeleting_57281C      0057281C     .OBJ
 0001:00170838       add_neutralcoordRowDeleted_572838      00572838     .OBJ
 0001:00170854       remove_neutralcoordRowDeleted_572854      00572854     .OBJ
 0001:00170870       AddneutralcoordRow_572870      00572870     .OBJ
 0001:00170884       AddneutralcoordRow_572884      00572884     .OBJ
 0001:001708E8       Clone_5728E8      005728E8     .OBJ
 0001:00170910       CreateInstance_572910      00572910     .OBJ
 0001:00170928       InitVars_572928      00572928     .OBJ
 0001:001709A8       InitClass_5729A8      005729A8     .OBJ
 0001:00170AE8       NewneutralcoordRow_572AE8      00572AE8     .OBJ
 0001:00170B08       NewRowFromBuilder_572B08      00572B08     .OBJ
 0001:00170B20       GetRowType_572B20      00572B20     .OBJ
 0001:00170B3C       OnRowChanged_572B3C      00572B3C     .OBJ
 0001:00170B94       OnRowChanging_572B94      00572B94     .OBJ
 0001:00170BEC       OnRowDeleted_572BEC      00572BEC     .OBJ
 0001:00170C44       OnRowDeleting_572C44      00572C44     .OBJ
 0001:00170C9C       RemoveneutralcoordRow_572C9C      00572C9C     .OBJ
 0001:00170CB0       GetTypedTableSchema_572CB0      00572CB0     .OBJ
 0001:00170F24       .ctor_572F24      00572F24     .OBJ
 0001:00170F44       get_id_572F44      00572F44     .OBJ
 0001:00170F6C       set_id_572F6C      00572F6C     .OBJ
 0001:00170F88       get_alliance_572F88      00572F88     .OBJ
 0001:00170FE0       set_alliance_572FE0      00572FE0     .OBJ
 0001:00170FF8       get_player_572FF8      00572FF8     .OBJ
 0001:00171050       set_player_573050      00573050     .OBJ
 0001:00171068       get_x_573068      00573068     .OBJ
 0001:001710C0       set_x_5730C0      005730C0     .OBJ
 0001:001710DC       get_y_5730DC      005730DC     .OBJ
 0001:00171134       set_y_573134      00573134     .OBJ
 0001:00171150       IsallianceNull_573150      00573150     .OBJ
 0001:00171174       SetallianceNull_573174      00573174     .OBJ
 0001:00171194       IsplayerNull_573194      00573194     .OBJ
 0001:001711B8       SetplayerNull_5731B8      005731B8     .OBJ
 0001:001711D8       IsxNull_5731D8      005731D8     .OBJ
 0001:001711FC       SetxNull_5731FC      005731FC     .OBJ
 0001:0017121C       IsyNull_57321C      0057321C     .OBJ
 0001:00171240       SetyNull_573240      00573240     .OBJ
 0001:00171260       .ctor_573260      00573260     .OBJ
 0001:00171280       get_alliance_573280      00573280     .OBJ
 0001:001712D8       set_alliance_5732D8      005732D8     .OBJ
 0001:001712F0       get_player_5732F0      005732F0     .OBJ
 0001:00171348       set_player_573348      00573348     .OBJ
 0001:00171360       get_x_573360      00573360     .OBJ
 0001:001713B8       set_x_5733B8      005733B8     .OBJ
 0001:001713D4       get_y_5733D4      005733D4     .OBJ
 0001:0017142C       set_y_57342C      0057342C     .OBJ
 0001:00171448       get_citie_573448      00573448     .OBJ
 0001:001714A0       set_citie_5734A0      005734A0     .OBJ
 0001:001714B8       get_ID_5734B8      005734B8     .OBJ
 0001:001714E0       set_ID_5734E0      005734E0     .OBJ
 0001:001714FC       IsallianceNull_5734FC      005734FC     .OBJ
 0001:00171520       SetallianceNull_573520      00573520     .OBJ
 0001:00171540       IsplayerNull_573540      00573540     .OBJ
 0001:00171564       SetplayerNull_573564      00573564     .OBJ
 0001:00171584       IsxNull_573584      00573584     .OBJ
 0001:001715A8       SetxNull_5735A8      005735A8     .OBJ
 0001:001715C8       IsyNull_5735C8      005735C8     .OBJ
 0001:001715EC       SetyNull_5735EC      005735EC     .OBJ
 0001:0017160C       IscitieNull_57360C      0057360C     .OBJ
 0001:00171630       SetcitieNull_573630      00573630     .OBJ
 0001:00171650       .ctor_573650      00573650     .OBJ
 0001:00171670       get_id_573670      00573670     .OBJ
 0001:00171698       set_id_573698      00573698     .OBJ
 0001:001716B4       get_alliance_5736B4      005736B4     .OBJ
 0001:0017170C       set_alliance_57370C      0057370C     .OBJ
 0001:00171724       get_player_573724      00573724     .OBJ
 0001:0017177C       set_player_57377C      0057377C     .OBJ
 0001:00171794       get_x_573794      00573794     .OBJ
 0001:001717EC       set_x_5737EC      005737EC     .OBJ
 0001:00171808       get_y_573808      00573808     .OBJ
 0001:00171860       set_y_573860      00573860     .OBJ
 0001:0017187C       IsallianceNull_57387C      0057387C     .OBJ
 0001:001718A0       SetallianceNull_5738A0      005738A0     .OBJ
 0001:001718C0       IsplayerNull_5738C0      005738C0     .OBJ
 0001:001718E4       SetplayerNull_5738E4      005738E4     .OBJ
 0001:00171904       IsxNull_573904      00573904     .OBJ
 0001:00171928       SetxNull_573928      00573928     .OBJ
 0001:00171948       IsyNull_573948      00573948     .OBJ
 0001:0017196C       SetyNull_57396C      0057396C     .OBJ
 0001:0017198C       .ctor_57398C      0057398C     .OBJ
 0001:001719AC       get_x_5739AC      005739AC     .OBJ
 0001:00171A04       set_x_573A04      00573A04     .OBJ
 0001:00171A20       get_y_573A20      00573A20     .OBJ
 0001:00171A78       set_y_573A78      00573A78     .OBJ
 0001:00171A94       get_level_573A94      00573A94     .OBJ
 0001:00171AEC       set_level_573AEC      00573AEC     .OBJ
 0001:00171B08       get_field_573B08      00573B08     .OBJ
 0001:00171B60       set_field_573B60      00573B60     .OBJ
 0001:00171B78       get_ID_573B78      00573B78     .OBJ
 0001:00171BA0       set_ID_573BA0      00573BA0     .OBJ
 0001:00171BBC       IsxNull_573BBC      00573BBC     .OBJ
 0001:00171BE0       SetxNull_573BE0      00573BE0     .OBJ
 0001:00171C00       IsyNull_573C00      00573C00     .OBJ
 0001:00171C24       SetyNull_573C24      00573C24     .OBJ
 0001:00171C44       IslevelNull_573C44      00573C44     .OBJ
 0001:00171C68       SetlevelNull_573C68      00573C68     .OBJ
 0001:00171C88       IsfieldNull_573C88      00573C88     .OBJ
 0001:00171CAC       SetfieldNull_573CAC      00573CAC     .OBJ
 0001:00171CCC       .ctor_573CCC      00573CCC     .OBJ
 0001:00171CEC       get_x_573CEC      00573CEC     .OBJ
 0001:00171D44       set_x_573D44      00573D44     .OBJ
 0001:00171D60       get_y_573D60      00573D60     .OBJ
 0001:00171DB8       set_y_573DB8      00573DB8     .OBJ
 0001:00171DD4       get_level_573DD4      00573DD4     .OBJ
 0001:00171E2C       set_level_573E2C      00573E2C     .OBJ
 0001:00171E48       get_ID_573E48      00573E48     .OBJ
 0001:00171E70       set_ID_573E70      00573E70     .OBJ
 0001:00171E8C       IsxNull_573E8C      00573E8C     .OBJ
 0001:00171EB0       SetxNull_573EB0      00573EB0     .OBJ
 0001:00171ED0       IsyNull_573ED0      00573ED0     .OBJ
 0001:00171EF4       SetyNull_573EF4      00573EF4     .OBJ
 0001:00171F14       IslevelNull_573F14      00573F14     .OBJ
 0001:00171F38       SetlevelNull_573F38      00573F38     .OBJ
 0001:00171F58       .ctor_573F58      00573F58     .OBJ
 0001:00171F78       get_id_573F78      00573F78     .OBJ
 0001:00171FA0       set_id_573FA0      00573FA0     .OBJ
 0001:00171FBC       get_alliance_573FBC      00573FBC     .OBJ
 0001:00172014       set_alliance_574014      00574014     .OBJ
 0001:0017202C       get_player_57402C      0057402C     .OBJ
 0001:00172084       set_player_574084      00574084     .OBJ
 0001:0017209C       get_x_57409C      0057409C     .OBJ
 0001:001720F4       set_x_5740F4      005740F4     .OBJ
 0001:00172110       get_y_574110      00574110     .OBJ
 0001:00172168       set_y_574168      00574168     .OBJ
 0001:00172184       IsallianceNull_574184      00574184     .OBJ
 0001:001721A8       SetallianceNull_5741A8      005741A8     .OBJ
 0001:001721C8       IsplayerNull_5741C8      005741C8     .OBJ
 0001:001721EC       SetplayerNull_5741EC      005741EC     .OBJ
 0001:0017220C       IsxNull_57420C      0057420C     .OBJ
 0001:00172230       SetxNull_574230      00574230     .OBJ
 0001:00172250       IsyNull_574250      00574250     .OBJ
 0001:00172274       SetyNull_574274      00574274     .OBJ
 0001:00172294       .ctor_574294      00574294     .OBJ
 0001:001722B4       get_hero_nr_5742B4      005742B4     .OBJ
 0001:0017230C       set_hero_nr_57430C      0057430C     .OBJ
 0001:00172328       get_hero_name_574328      00574328     .OBJ
 0001:00172380       set_hero_name_574380      00574380     .OBJ
 0001:00172398       get_player_name_574398      00574398     .OBJ
 0001:001723F0       set_player_name_5743F0      005743F0     .OBJ
 0001:00172408       get_level_574408      00574408     .OBJ
 0001:00172460       set_level_574460      00574460     .OBJ
 0001:0017247C       get_polit_57447C      0057447C     .OBJ
 0001:001724D4       set_polit_5744D4      005744D4     .OBJ
 0001:001724F0       get_att_5744F0      005744F0     .OBJ
 0001:00172548       set_att_574548      00574548     .OBJ
 0001:00172564       get_intel_574564      00574564     .OBJ
 0001:001725BC       set_intel_5745BC      005745BC     .OBJ
 0001:001725D8       get_id_5745D8      005745D8     .OBJ
 0001:00172600       set_id_574600      00574600     .OBJ
 0001:0017261C       Ishero_nrNull_57461C      0057461C     .OBJ
 0001:00172640       Sethero_nrNull_574640      00574640     .OBJ
 0001:00172660       Ishero_nameNull_574660      00574660     .OBJ
 0001:00172684       Sethero_nameNull_574684      00574684     .OBJ
 0001:001726A4       Isplayer_nameNull_5746A4      005746A4     .OBJ
 0001:001726C8       Setplayer_nameNull_5746C8      005746C8     .OBJ
 0001:001726E8       IslevelNull_5746E8      005746E8     .OBJ
 0001:0017270C       SetlevelNull_57470C      0057470C     .OBJ
 0001:0017272C       IspolitNull_57472C      0057472C     .OBJ
 0001:00172750       SetpolitNull_574750      00574750     .OBJ
 0001:00172770       IsattNull_574770      00574770     .OBJ
 0001:00172794       SetattNull_574794      00574794     .OBJ
 0001:001727B4       IsintelNull_5747B4      005747B4     .OBJ
 0001:001727D8       SetintelNull_5747D8      005747D8     .OBJ
 0001:001727F8       .ctor_5747F8      005747F8     .OBJ
 0001:00172818       get_x_574818      00574818     .OBJ
 0001:00172870       set_x_574870      00574870     .OBJ
 0001:0017288C       get_y_57488C      0057488C     .OBJ
 0001:001728E4       set_y_5748E4      005748E4     .OBJ
 0001:00172900       get_player_574900      00574900     .OBJ
 0001:00172958       set_player_574958      00574958     .OBJ
 0001:00172970       get_ID_574970      00574970     .OBJ
 0001:00172998       set_ID_574998      00574998     .OBJ
 0001:001729B4       IsxNull_5749B4      005749B4     .OBJ
 0001:001729D8       SetxNull_5749D8      005749D8     .OBJ
 0001:001729F8       IsyNull_5749F8      005749F8     .OBJ
 0001:00172A1C       SetyNull_574A1C      00574A1C     .OBJ
 0001:00172A3C       IsplayerNull_574A3C      00574A3C     .OBJ
 0001:00172A60       SetplayerNull_574A60      00574A60     .OBJ
 0001:00172A80       .ctor_574A80      00574A80     .OBJ
 0001:00172AA0       get_id_574AA0      00574AA0     .OBJ
 0001:00172AC8       set_id_574AC8      00574AC8     .OBJ
 0001:00172AE4       get_alliance_574AE4      00574AE4     .OBJ
 0001:00172B3C       set_alliance_574B3C      00574B3C     .OBJ
 0001:00172B54       get_player_574B54      00574B54     .OBJ
 0001:00172BAC       set_player_574BAC      00574BAC     .OBJ
 0001:00172BC4       get_x_574BC4      00574BC4     .OBJ
 0001:00172C1C       set_x_574C1C      00574C1C     .OBJ
 0001:00172C38       get_y_574C38      00574C38     .OBJ
 0001:00172C90       set_y_574C90      00574C90     .OBJ
 0001:00172CAC       IsallianceNull_574CAC      00574CAC     .OBJ
 0001:00172CD0       SetallianceNull_574CD0      00574CD0     .OBJ
 0001:00172CF0       IsplayerNull_574CF0      00574CF0     .OBJ
 0001:00172D14       SetplayerNull_574D14      00574D14     .OBJ
 0001:00172D34       IsxNull_574D34      00574D34     .OBJ
 0001:00172D58       SetxNull_574D58      00574D58     .OBJ
 0001:00172D78       IsyNull_574D78      00574D78     .OBJ
 0001:00172D9C       SetyNull_574D9C      00574D9C     .OBJ
 0001:00172DBC       .ctor_574DBC      00574DBC     .OBJ
 0001:00172DDC       get_x_574DDC      00574DDC     .OBJ
 0001:00172E34       set_x_574E34      00574E34     .OBJ
 0001:00172E50       get_y_574E50      00574E50     .OBJ
 0001:00172EA8       set_y_574EA8      00574EA8     .OBJ
 0001:00172EC4       get_level_574EC4      00574EC4     .OBJ
 0001:00172F1C       set_level_574F1C      00574F1C     .OBJ
 0001:00172F38       get_ID_574F38      00574F38     .OBJ
 0001:00172F60       set_ID_574F60      00574F60     .OBJ
 0001:00172F7C       IsxNull_574F7C      00574F7C     .OBJ
 0001:00172FA0       SetxNull_574FA0      00574FA0     .OBJ
 0001:00172FC0       IsyNull_574FC0      00574FC0     .OBJ
 0001:00172FE4       SetyNull_574FE4      00574FE4     .OBJ
 0001:00173004       IslevelNull_575004      00575004     .OBJ
 0001:00173028       SetlevelNull_575028      00575028     .OBJ
 0001:00173048       .ctor_575048      00575048     .OBJ
 0001:00173068       get_id_575068      00575068     .OBJ
 0001:001730C0       set_id_5750C0      005750C0     .OBJ
 0001:001730DC       get_player_5750DC      005750DC     .OBJ
 0001:00173134       set_player_575134      00575134     .OBJ
 0001:0017314C       get_alliance_57514C      0057514C     .OBJ
 0001:001731A4       set_alliance_5751A4      005751A4     .OBJ
 0001:001731BC       get_x_5751BC      005751BC     .OBJ
 0001:00173214       set_x_575214      00575214     .OBJ
 0001:00173230       get_y_575230      00575230     .OBJ
 0001:00173288       set_y_575288      00575288     .OBJ
 0001:001732A4       get_citie_5752A4      005752A4     .OBJ
 0001:001732FC       set_citie_5752FC      005752FC     .OBJ
 0001:00173314       IsidNull_575314      00575314     .OBJ
 0001:00173338       SetidNull_575338      00575338     .OBJ
 0001:00173358       IsplayerNull_575358      00575358     .OBJ
 0001:0017337C       SetplayerNull_57537C      0057537C     .OBJ
 0001:0017339C       IsallianceNull_57539C      0057539C     .OBJ
 0001:001733C0       SetallianceNull_5753C0      005753C0     .OBJ
 0001:001733E0       IsxNull_5753E0      005753E0     .OBJ
 0001:00173404       SetxNull_575404      00575404     .OBJ
 0001:00173424       IsyNull_575424      00575424     .OBJ
 0001:00173448       SetyNull_575448      00575448     .OBJ
 0001:00173468       IscitieNull_575468      00575468     .OBJ
 0001:0017348C       SetcitieNull_57548C      0057548C     .OBJ
 0001:001734AC       .ctor_5754AC      005754AC     .OBJ
 0001:001734CC       get_id_5754CC      005754CC     .OBJ
 0001:00173524       set_id_575524      00575524     .OBJ
 0001:00173540       get_alliance_575540      00575540     .OBJ
 0001:00173598       set_alliance_575598      00575598     .OBJ
 0001:001735B0       get_player_5755B0      005755B0     .OBJ
 0001:00173608       set_player_575608      00575608     .OBJ
 0001:00173620       get_x_575620      00575620     .OBJ
 0001:00173678       set_x_575678      00575678     .OBJ
 0001:00173694       get_y_575694      00575694     .OBJ
 0001:001736EC       set_y_5756EC      005756EC     .OBJ
 0001:00173708       get_citie_575708      00575708     .OBJ
 0001:00173760       set_citie_575760      00575760     .OBJ
 0001:00173778       IsidNull_575778      00575778     .OBJ
 0001:0017379C       SetidNull_57579C      0057579C     .OBJ
 0001:001737BC       IsallianceNull_5757BC      005757BC     .OBJ
 0001:001737E0       SetallianceNull_5757E0      005757E0     .OBJ
 0001:00173800       IsplayerNull_575800      00575800     .OBJ
 0001:00173824       SetplayerNull_575824      00575824     .OBJ
 0001:00173844       IsxNull_575844      00575844     .OBJ
 0001:00173868       SetxNull_575868      00575868     .OBJ
 0001:00173888       IsyNull_575888      00575888     .OBJ
 0001:001738AC       SetyNull_5758AC      005758AC     .OBJ
 0001:001738CC       IscitieNull_5758CC      005758CC     .OBJ
 0001:001738F0       SetcitieNull_5758F0      005758F0     .OBJ
 0001:00173910       .ctor_575910      00575910     .OBJ
 0001:00173930       get_id_575930      00575930     .OBJ
 0001:00173988       set_id_575988      00575988     .OBJ
 0001:001739A4       get_alliance_5759A4      005759A4     .OBJ
 0001:001739FC       set_alliance_5759FC      005759FC     .OBJ
 0001:00173A14       get_player_575A14      00575A14     .OBJ
 0001:00173A6C       set_player_575A6C      00575A6C     .OBJ
 0001:00173A84       get_x_575A84      00575A84     .OBJ
 0001:00173ADC       set_x_575ADC      00575ADC     .OBJ
 0001:00173AF8       get_y_575AF8      00575AF8     .OBJ
 0001:00173B50       set_y_575B50      00575B50     .OBJ
 0001:00173B6C       get_citie_575B6C      00575B6C     .OBJ
 0001:00173BC4       set_citie_575BC4      00575BC4     .OBJ
 0001:00173BDC       IsidNull_575BDC      00575BDC     .OBJ
 0001:00173C00       SetidNull_575C00      00575C00     .OBJ
 0001:00173C20       IsallianceNull_575C20      00575C20     .OBJ
 0001:00173C44       SetallianceNull_575C44      00575C44     .OBJ
 0001:00173C64       IsplayerNull_575C64      00575C64     .OBJ
 0001:00173C88       SetplayerNull_575C88      00575C88     .OBJ
 0001:00173CA8       IsxNull_575CA8      00575CA8     .OBJ
 0001:00173CCC       SetxNull_575CCC      00575CCC     .OBJ
 0001:00173CEC       IsyNull_575CEC      00575CEC     .OBJ
 0001:00173D10       SetyNull_575D10      00575D10     .OBJ
 0001:00173D30       IscitieNull_575D30      00575D30     .OBJ
 0001:00173D54       SetcitieNull_575D54      00575D54     .OBJ
 0001:00173D74       .ctor_575D74      00575D74     .OBJ
 0001:00173D94       get_hero_nr_575D94      00575D94     .OBJ
 0001:00173DEC       set_hero_nr_575DEC      00575DEC     .OBJ
 0001:00173E08       get_hero_name_575E08      00575E08     .OBJ
 0001:00173E60       set_hero_name_575E60      00575E60     .OBJ
 0001:00173E78       get_player_name_575E78      00575E78     .OBJ
 0001:00173ED0       set_player_name_575ED0      00575ED0     .OBJ
 0001:00173EE8       get_alliance_575EE8      00575EE8     .OBJ
 0001:00173F40       set_alliance_575F40      00575F40     .OBJ
 0001:00173F58       get_level_575F58      00575F58     .OBJ
 0001:00173FB0       set_level_575FB0      00575FB0     .OBJ
 0001:00173FCC       get_polit_575FCC      00575FCC     .OBJ
 0001:00174024       set_polit_576024      00576024     .OBJ
 0001:00174040       get_att_576040      00576040     .OBJ
 0001:00174098       set_att_576098      00576098     .OBJ
 0001:001740B4       get_intel_5760B4      005760B4     .OBJ
 0001:0017410C       set_intel_57610C      0057610C     .OBJ
 0001:00174128       Ishero_nrNull_576128      00576128     .OBJ
 0001:0017414C       Sethero_nrNull_57614C      0057614C     .OBJ
 0001:0017416C       Ishero_nameNull_57616C      0057616C     .OBJ
 0001:00174190       Sethero_nameNull_576190      00576190     .OBJ
 0001:001741B0       Isplayer_nameNull_5761B0      005761B0     .OBJ
 0001:001741D4       Setplayer_nameNull_5761D4      005761D4     .OBJ
 0001:001741F4       IsallianceNull_5761F4      005761F4     .OBJ
 0001:00174218       SetallianceNull_576218      00576218     .OBJ
 0001:00174238       IslevelNull_576238      00576238     .OBJ
 0001:0017425C       SetlevelNull_57625C      0057625C     .OBJ
 0001:0017427C       IspolitNull_57627C      0057627C     .OBJ
 0001:001742A0       SetpolitNull_5762A0      005762A0     .OBJ
 0001:001742C0       IsattNull_5762C0      005762C0     .OBJ
 0001:001742E4       SetattNull_5762E4      005762E4     .OBJ
 0001:00174304       IsintelNull_576304      00576304     .OBJ
 0001:00174328       SetintelNull_576328      00576328     .OBJ
 0001:00174348       .ctor_576348      00576348     .OBJ
 0001:00174368       get_id_576368      00576368     .OBJ
 0001:001743C0       set_id_5763C0      005763C0     .OBJ
 0001:001743DC       get_alliance_5763DC      005763DC     .OBJ
 0001:00174434       set_alliance_576434      00576434     .OBJ
 0001:0017444C       get_player_57644C      0057644C     .OBJ
 0001:001744A4       set_player_5764A4      005764A4     .OBJ
 0001:001744BC       get_x_5764BC      005764BC     .OBJ
 0001:00174514       set_x_576514      00576514     .OBJ
 0001:00174530       get_y_576530      00576530     .OBJ
 0001:00174588       set_y_576588      00576588     .OBJ
 0001:001745A4       IsidNull_5765A4      005765A4     .OBJ
 0001:001745C8       SetidNull_5765C8      005765C8     .OBJ
 0001:001745E8       IsallianceNull_5765E8      005765E8     .OBJ
 0001:0017460C       SetallianceNull_57660C      0057660C     .OBJ
 0001:0017462C       IsplayerNull_57662C      0057662C     .OBJ
 0001:00174650       SetplayerNull_576650      00576650     .OBJ
 0001:00174670       IsxNull_576670      00576670     .OBJ
 0001:00174694       SetxNull_576694      00576694     .OBJ
 0001:001746B4       IsyNull_5766B4      005766B4     .OBJ
 0001:001746D8       SetyNull_5766D8      005766D8     .OBJ
 0001:001746F8       .ctor_5766F8      005766F8     .OBJ
 0001:00174714       get_Row_576714      00576714     .OBJ
 0001:0017472C       get_Action_57672C      0057672C     .OBJ
 0001:00174744       .ctor_576744      00576744     .OBJ
 0001:00174760       get_Row_576760      00576760     .OBJ
 0001:00174778       get_Action_576778      00576778     .OBJ
 0001:00174790       .ctor_576790      00576790     .OBJ
 0001:001747AC       get_Row_5767AC      005767AC     .OBJ
 0001:001747C4       get_Action_5767C4      005767C4     .OBJ
 0001:001747DC       .ctor_5767DC      005767DC     .OBJ
 0001:001747F8       get_Row_5767F8      005767F8     .OBJ
 0001:00174810       get_Action_576810      00576810     .OBJ
 0001:00174828       .ctor_576828      00576828     .OBJ
 0001:00174844       get_Row_576844      00576844     .OBJ
 0001:0017485C       get_Action_57685C      0057685C     .OBJ
 0001:00174874       .ctor_576874      00576874     .OBJ
 0001:00174890       get_Row_576890      00576890     .OBJ
 0001:001748A8       get_Action_5768A8      005768A8     .OBJ
 0001:001748C0       .ctor_5768C0      005768C0     .OBJ
 0001:001748DC       get_Row_5768DC      005768DC     .OBJ
 0001:001748F4       get_Action_5768F4      005768F4     .OBJ
 0001:0017490C       .ctor_57690C      0057690C     .OBJ
 0001:00174928       get_Row_576928      00576928     .OBJ
 0001:00174940       get_Action_576940      00576940     .OBJ
 0001:00174958       .ctor_576958      00576958     .OBJ
 0001:00174974       get_Row_576974      00576974     .OBJ
 0001:0017498C       get_Action_57698C      0057698C     .OBJ
 0001:001749A4       .ctor_5769A4      005769A4     .OBJ
 0001:001749C0       get_Row_5769C0      005769C0     .OBJ
 0001:001749D8       get_Action_5769D8      005769D8     .OBJ
 0001:001749F0       .ctor_5769F0      005769F0     .OBJ
 0001:00174A0C       get_Row_576A0C      00576A0C     .OBJ
 0001:00174A24       get_Action_576A24      00576A24     .OBJ
 0001:00174A3C       .ctor_576A3C      00576A3C     .OBJ
 0001:00174A58       get_Row_576A58      00576A58     .OBJ
 0001:00174A70       get_Action_576A70      00576A70     .OBJ
 0001:00174A88       .ctor_576A88      00576A88     .OBJ
 0001:00174AA4       get_Row_576AA4      00576AA4     .OBJ
 0001:00174ABC       get_Action_576ABC      00576ABC     .OBJ
 0001:00174AD4       .ctor_576AD4      00576AD4     .OBJ
 0001:00174AF0       get_Row_576AF0      00576AF0     .OBJ
 0001:00174B08       get_Action_576B08      00576B08     .OBJ
 0001:00174B20       .ctor_576B20      00576B20     .OBJ
 0001:00174B3C       get_Row_576B3C      00576B3C     .OBJ
 0001:00174B54       get_Action_576B54      00576B54     .OBJ
 0001:00174B6C       .cctor_576B6C      00576B6C     .OBJ
 0001:00174B7C       __ENCAddToList_576B7C      00576B7C     .OBJ
 0001:00174C8C       get__adapter_576C8C      00576C8C     .OBJ
 0001:00174CA4       set__adapter_576CA4      00576CA4     .OBJ
 0001:00174CB0       .ctor_576CB0      00576CB0     .OBJ
 0001:00174CCC       get_Adapter_576CCC      00576CCC     .OBJ
 0001:00174CFC       get_Connection_576CFC      00576CFC     .OBJ
 0001:00174D2C       set_Connection_576D2C      00576D2C     .OBJ
 0001:00174DF4       get_Transaction_576DF4      00576DF4     .OBJ
 0001:00174E0C       set_Transaction_576E0C      00576E0C     .OBJ
 0001:00174EF0       get_CommandCollection_576EF0      00576EF0     .OBJ
 0001:00174F20       get_ClearBeforeFill_576F20      00576F20     .OBJ
 0001:00174F38       set_ClearBeforeFill_576F38      00576F38     .OBJ
 0001:00174F44       InitAdapter_576F44      00576F44     .OBJ
 0001:00175608       InitConnection_577608      00577608     .OBJ
 0001:00175630       InitCommandCollection_577630      00577630     .OBJ
 0001:00175690       Fill_577690      00577690     .OBJ
 0001:001756D8       GetData_5776D8      005776D8     .OBJ
 0001:00175714       Update_577714      00577714     .OBJ
 0001:00175734       Update_577734      00577734     .OBJ
 0001:00175758       Update_577758      00577758     .OBJ
 0001:00175784       Update_577784      00577784     .OBJ
 0001:001757A4       Delete_5777A4      005777A4     .OBJ
 0001:00175AC4       Insert_577AC4      00577AC4     .OBJ
 0001:00175CB0       Update_577CB0      00577CB0     .OBJ
 0001:00176120       .cctor_578120      00578120     .OBJ
 0001:00176130       __ENCAddToList_578130      00578130     .OBJ
 0001:00176240       get__adapter_578240      00578240     .OBJ
 0001:00176258       set__adapter_578258      00578258     .OBJ
 0001:00176264       .ctor_578264      00578264     .OBJ
 0001:00176280       get_Adapter_578280      00578280     .OBJ
 0001:001762B0       get_Connection_5782B0      005782B0     .OBJ
 0001:001762E0       set_Connection_5782E0      005782E0     .OBJ
 0001:001763A8       get_Transaction_5783A8      005783A8     .OBJ
 0001:001763C0       set_Transaction_5783C0      005783C0     .OBJ
 0001:001764A4       get_CommandCollection_5784A4      005784A4     .OBJ
 0001:001764D4       get_ClearBeforeFill_5784D4      005784D4     .OBJ
 0001:001764EC       set_ClearBeforeFill_5784EC      005784EC     .OBJ
 0001:001764F8       InitAdapter_5784F8      005784F8     .OBJ
 0001:00176D6C       InitConnection_578D6C      00578D6C     .OBJ
 0001:00176D94       InitCommandCollection_578D94      00578D94     .OBJ
 0001:00177048       Fill_579048      00579048     .OBJ
 0001:00177090       GetData_579090      00579090     .OBJ
 0001:001770CC       searchalliance_5790CC      005790CC     .OBJ
 0001:0017715C       searchcitie_57915C      0057915C     .OBJ
 0001:001771EC       searchmix_5791EC      005791EC     .OBJ
 0001:00177314       searchplayer_579314      00579314     .OBJ
 0001:001773A4       Update_5793A4      005793A4     .OBJ
 0001:001773C4       Update_5793C4      005793C4     .OBJ
 0001:001773E8       Update_5793E8      005793E8     .OBJ
 0001:00177414       Update_579414      00579414     .OBJ
 0001:00177434       Delete_579434      00579434     .OBJ
 0001:0017781C       Insert_57981C      0057981C     .OBJ
 0001:00177AAC       Update_579AAC      00579AAC     .OBJ
 0001:0017808C       Update_57A08C      0057A08C     .OBJ
 0001:001780BC       .cctor_57A0BC      0057A0BC     .OBJ
 0001:001780CC       __ENCAddToList_57A0CC      0057A0CC     .OBJ
 0001:001781DC       get__adapter_57A1DC      0057A1DC     .OBJ
 0001:001781F4       set__adapter_57A1F4      0057A1F4     .OBJ
 0001:00178200       .ctor_57A200      0057A200     .OBJ
 0001:0017821C       get_Adapter_57A21C      0057A21C     .OBJ
 0001:0017824C       get_Connection_57A24C      0057A24C     .OBJ
 0001:0017827C       set_Connection_57A27C      0057A27C     .OBJ
 0001:00178344       get_Transaction_57A344      0057A344     .OBJ
 0001:0017835C       set_Transaction_57A35C      0057A35C     .OBJ
 0001:00178440       get_CommandCollection_57A440      0057A440     .OBJ
 0001:00178470       get_ClearBeforeFill_57A470      0057A470     .OBJ
 0001:00178488       set_ClearBeforeFill_57A488      0057A488     .OBJ
 0001:00178494       InitAdapter_57A494      0057A494     .OBJ
 0001:00178B58       InitConnection_57AB58      0057AB58     .OBJ
 0001:00178B80       InitCommandCollection_57AB80      0057AB80     .OBJ
 0001:00178BE0       Fill_57ABE0      0057ABE0     .OBJ
 0001:00178C28       GetData_57AC28      0057AC28     .OBJ
 0001:00178C64       Update_57AC64      0057AC64     .OBJ
 0001:00178C84       Update_57AC84      0057AC84     .OBJ
 0001:00178CA8       Update_57ACA8      0057ACA8     .OBJ
 0001:00178CD4       Update_57ACD4      0057ACD4     .OBJ
 0001:00178CF4       Delete_57ACF4      0057ACF4     .OBJ
 0001:00179014       Insert_57B014      0057B014     .OBJ
 0001:00179200       Update_57B200      0057B200     .OBJ
 0001:00179670       .cctor_57B670      0057B670     .OBJ
 0001:00179680       __ENCAddToList_57B680      0057B680     .OBJ
 0001:00179790       get__adapter_57B790      0057B790     .OBJ
 0001:001797A8       set__adapter_57B7A8      0057B7A8     .OBJ
 0001:001797B4       .ctor_57B7B4      0057B7B4     .OBJ
 0001:001797D0       get_Adapter_57B7D0      0057B7D0     .OBJ
 0001:00179800       get_Connection_57B800      0057B800     .OBJ
 0001:00179830       set_Connection_57B830      0057B830     .OBJ
 0001:001798F8       get_Transaction_57B8F8      0057B8F8     .OBJ
 0001:00179910       set_Transaction_57B910      0057B910     .OBJ
 0001:001799F4       get_CommandCollection_57B9F4      0057B9F4     .OBJ
 0001:00179A24       get_ClearBeforeFill_57BA24      0057BA24     .OBJ
 0001:00179A3C       set_ClearBeforeFill_57BA3C      0057BA3C     .OBJ
 0001:00179A48       InitAdapter_57BA48      0057BA48     .OBJ
 0001:0017A0FC       InitConnection_57C0FC      0057C0FC     .OBJ
 0001:0017A124       InitCommandCollection_57C124      0057C124     .OBJ
 0001:0017A184       Fill_57C184      0057C184     .OBJ
 0001:0017A1CC       GetData_57C1CC      0057C1CC     .OBJ
 0001:0017A208       Update_57C208      0057C208     .OBJ
 0001:0017A228       Update_57C228      0057C228     .OBJ
 0001:0017A24C       Update_57C24C      0057C24C     .OBJ
 0001:0017A278       Update_57C278      0057C278     .OBJ
 0001:0017A298       Delete_57C298      0057C298     .OBJ
 0001:0017A5C8       Insert_57C5C8      0057C5C8     .OBJ
 0001:0017A7C4       Update_57C7C4      0057C7C4     .OBJ
 0001:0017AC50       .cctor_57CC50      0057CC50     .OBJ
 0001:0017AC60       __ENCAddToList_57CC60      0057CC60     .OBJ
 0001:0017AD70       get__adapter_57CD70      0057CD70     .OBJ
 0001:0017AD88       set__adapter_57CD88      0057CD88     .OBJ
 0001:0017AD94       .ctor_57CD94      0057CD94     .OBJ
 0001:0017ADB0       get_Adapter_57CDB0      0057CDB0     .OBJ
 0001:0017ADE0       get_Connection_57CDE0      0057CDE0     .OBJ
 0001:0017AE10       set_Connection_57CE10      0057CE10     .OBJ
 0001:0017AED8       get_Transaction_57CED8      0057CED8     .OBJ
 0001:0017AEF0       set_Transaction_57CEF0      0057CEF0     .OBJ
 0001:0017AFD4       get_CommandCollection_57CFD4      0057CFD4     .OBJ
 0001:0017B004       get_ClearBeforeFill_57D004      0057D004     .OBJ
 0001:0017B01C       set_ClearBeforeFill_57D01C      0057D01C     .OBJ
 0001:0017B028       InitAdapter_57D028      0057D028     .OBJ
 0001:0017B590       InitConnection_57D590      0057D590     .OBJ
 0001:0017B5B8       InitCommandCollection_57D5B8      0057D5B8     .OBJ
 0001:0017B618       Fill_57D618      0057D618     .OBJ
 0001:0017B660       GetData_57D660      0057D660     .OBJ
 0001:0017B69C       Update_57D69C      0057D69C     .OBJ
 0001:0017B6BC       Update_57D6BC      0057D6BC     .OBJ
 0001:0017B6E0       Update_57D6E0      0057D6E0     .OBJ
 0001:0017B70C       Update_57D70C      0057D70C     .OBJ
 0001:0017B72C       Delete_57D72C      0057D72C     .OBJ
 0001:0017B9CC       Insert_57D9CC      0057D9CC     .OBJ
 0001:0017BB7C       Update_57DB7C      0057DB7C     .OBJ
 0001:0017BF24       .cctor_57DF24      0057DF24     .OBJ
 0001:0017BF34       __ENCAddToList_57DF34      0057DF34     .OBJ
 0001:0017C044       get__adapter_57E044      0057E044     .OBJ
 0001:0017C05C       set__adapter_57E05C      0057E05C     .OBJ
 0001:0017C068       .ctor_57E068      0057E068     .OBJ
 0001:0017C084       get_Adapter_57E084      0057E084     .OBJ
 0001:0017C0B4       get_Connection_57E0B4      0057E0B4     .OBJ
 0001:0017C0E4       set_Connection_57E0E4      0057E0E4     .OBJ
 0001:0017C1AC       get_Transaction_57E1AC      0057E1AC     .OBJ
 0001:0017C1C4       set_Transaction_57E1C4      0057E1C4     .OBJ
 0001:0017C2A8       get_CommandCollection_57E2A8      0057E2A8     .OBJ
 0001:0017C2D8       get_ClearBeforeFill_57E2D8      0057E2D8     .OBJ
 0001:0017C2F0       set_ClearBeforeFill_57E2F0      0057E2F0     .OBJ
 0001:0017C2FC       InitAdapter_57E2FC      0057E2FC     .OBJ
 0001:0017C9C0       InitConnection_57E9C0      0057E9C0     .OBJ
 0001:0017C9E8       InitCommandCollection_57E9E8      0057E9E8     .OBJ
 0001:0017CA48       Fill_57EA48      0057EA48     .OBJ
 0001:0017CA90       GetData_57EA90      0057EA90     .OBJ
 0001:0017CACC       Update_57EACC      0057EACC     .OBJ
 0001:0017CAEC       Update_57EAEC      0057EAEC     .OBJ
 0001:0017CB10       Update_57EB10      0057EB10     .OBJ
 0001:0017CB3C       Update_57EB3C      0057EB3C     .OBJ
 0001:0017CB5C       Delete_57EB5C      0057EB5C     .OBJ
 0001:0017CE7C       Insert_57EE7C      0057EE7C     .OBJ
 0001:0017D068       Update_57F068      0057F068     .OBJ
 0001:0017D4D8       .cctor_57F4D8      0057F4D8     .OBJ
 0001:0017D4E8       __ENCAddToList_57F4E8      0057F4E8     .OBJ
 0001:0017D5F8       get__adapter_57F5F8      0057F5F8     .OBJ
 0001:0017D610       set__adapter_57F610      0057F610     .OBJ
 0001:0017D61C       .ctor_57F61C      0057F61C     .OBJ
 0001:0017D638       get_Adapter_57F638      0057F638     .OBJ
 0001:0017D668       get_Connection_57F668      0057F668     .OBJ
 0001:0017D698       set_Connection_57F698      0057F698     .OBJ
 0001:0017D760       get_Transaction_57F760      0057F760     .OBJ
 0001:0017D778       set_Transaction_57F778      0057F778     .OBJ
 0001:0017D85C       get_CommandCollection_57F85C      0057F85C     .OBJ
 0001:0017D88C       get_ClearBeforeFill_57F88C      0057F88C     .OBJ
 0001:0017D8A4       set_ClearBeforeFill_57F8A4      0057F8A4     .OBJ
 0001:0017D8B0       InitAdapter_57F8B0      0057F8B0     .OBJ
 0001:0017E328       InitConnection_580328      00580328     .OBJ
 0001:0017E350       InitCommandCollection_580350      00580350     .OBJ
 0001:0017E3B0       Fill_5803B0      005803B0     .OBJ
 0001:0017E3F8       GetData_5803F8      005803F8     .OBJ
 0001:0017E434       Update_580434      00580434     .OBJ
 0001:0017E454       Update_580454      00580454     .OBJ
 0001:0017E478       Update_580478      00580478     .OBJ
 0001:0017E4A4       Update_5804A4      005804A4     .OBJ
 0001:0017E4C4       Delete_5804C4      005804C4     .OBJ
 0001:0017E9C4       Insert_5809C4      005809C4     .OBJ
 0001:0017ECB8       Update_580CB8      00580CB8     .OBJ
 0001:0017F414       .cctor_581414      00581414     .OBJ
 0001:0017F424       __ENCAddToList_581424      00581424     .OBJ
[...]
 0001:0018DAF4       set_DataGridViewTextBoxColumn1_58FAF4      0058FAF4     .OBJ
 0001:0018DB00       get_DataGridViewTextBoxColumn6_58FB00      0058FB00     .OBJ
 0001:0018DB18       set_DataGridViewTextBoxColumn6_58FB18      0058FB18     .OBJ
 0001:0018DB24       get_Hero_allianceBindingSource_58FB24      0058FB24     .OBJ
 0001:0018DB3C       set_Hero_allianceBindingSource_58FB3C      0058FB3C     .OBJ
 0001:0018DB48       get_Hero_allianceTableAdapter_58FB48      0058FB48     .OBJ
 0001:0018DB60       set_Hero_allianceTableAdapter_58FB60      0058FB60     .OBJ
 0001:0018DB6C       get_Hero_allianceDataGridView_58FB6C      0058FB6C     .OBJ
 0001:0018DB84       set_Hero_allianceDataGridView_58FB84      0058FB84     .OBJ
 0001:0018DBE4       get_DataGridViewTextBoxColumn7_58FBE4      0058FBE4     .OBJ
 0001:0018DBFC       set_DataGridViewTextBoxColumn7_58FBFC      0058FBFC     .OBJ
 0001:0018DC08       get_DataGridViewTextBoxColumn8_58FC08      0058FC08     .OBJ
 0001:0018DC20       set_DataGridViewTextBoxColumn8_58FC20      0058FC20     .OBJ
 0001:0018DC2C       get_DataGridViewTextBoxColumn9_58FC2C      0058FC2C     .OBJ
 0001:0018DC44       set_DataGridViewTextBoxColumn9_58FC44      0058FC44     .OBJ
 0001:0018DC50       get_DataGridViewTextBoxColumn10_58FC50      0058FC50     .OBJ
 0001:0018DC68       set_DataGridViewTextBoxColumn10_58FC68      0058FC68     .OBJ
 0001:0018DC74       get_DataGridViewTextBoxColumn11_58FC74      0058FC74     .OBJ
 0001:0018DC8C       set_DataGridViewTextBoxColumn11_58FC8C      0058FC8C     .OBJ
 0001:0018DC98       get_DataGridViewTextBoxColumn12_58FC98      0058FC98     .OBJ
 0001:0018DCB0       set_DataGridViewTextBoxColumn12_58FCB0      0058FCB0     .OBJ
 0001:0018DCBC       get_DataGridViewTextBoxColumn13_58FCBC      0058FCBC     .OBJ
 0001:0018DCD4       set_DataGridViewTextBoxColumn13_58FCD4      0058FCD4     .OBJ
 0001:0018DCE0       get_DataGridViewTextBoxColumn14_58FCE0      0058FCE0     .OBJ
 0001:0018DCF8       set_DataGridViewTextBoxColumn14_58FCF8      0058FCF8     .OBJ
 0001:0018DD04       get_Button2_58FD04      0058FD04     .OBJ
 0001:0018DD1C       set_Button2_58FD1C      0058FD1C     .OBJ
 0001:0018DD7C       get_Button8_58FD7C      0058FD7C     .OBJ
 0001:0018DD94       set_Button8_58FD94      0058FD94     .OBJ
 0001:0018DDF4       get_Button9_58FDF4      0058FDF4     .OBJ
 0001:0018DE0C       set_Button9_58FE0C      0058FE0C     .OBJ
 0001:0018DE6C       get_AltBindingSource_58FE6C      0058FE6C     .OBJ
 0001:0018DE84       set_AltBindingSource_58FE84      0058FE84     .OBJ
 0001:0018DE90       get_AltTableAdapter_58FE90      0058FE90     .OBJ
 0001:0018DEA8       set_AltTableAdapter_58FEA8      0058FEA8     .OBJ
 0001:0018DEB4       get_AltDataGridView_58FEB4      0058FEB4     .OBJ
 0001:0018DECC       set_AltDataGridView_58FECC      0058FECC     .OBJ
 0001:0018DF2C       get_AltcoordBindingSource_58FF2C      0058FF2C     .OBJ
 0001:0018DF44       set_AltcoordBindingSource_58FF44      0058FF44     .OBJ
 0001:0018DF50       get_AltcoordTableAdapter_58FF50      0058FF50     .OBJ
 0001:0018DF68       set_AltcoordTableAdapter_58FF68      0058FF68     .OBJ
 0001:0018DF74       get_AltcoordDataGridView_58FF74      0058FF74     .OBJ
 0001:0018DF8C       set_AltcoordDataGridView_58FF8C      0058FF8C     .OBJ
 0001:0018DFEC       get_DataGridViewTextBoxColumn23_58FFEC      0058FFEC     .OBJ
 0001:0018E004       set_DataGridViewTextBoxColumn23_590004      00590004     .OBJ
 0001:0018E010       get_DataGridViewTextBoxColumn24_590010      00590010     .OBJ
 0001:0018E028       set_DataGridViewTextBoxColumn24_590028      00590028     .OBJ
 0001:0018E034       get_DataGridViewTextBoxColumn25_590034      00590034     .OBJ
 0001:0018E04C       set_DataGridViewTextBoxColumn25_59004C      0059004C     .OBJ
 0001:0018E058       get_DataGridViewTextBoxColumn21_590058      00590058     .OBJ
 0001:0018E070       set_DataGridViewTextBoxColumn21_590070      00590070     .OBJ
 0001:0018E07C       get_DataGridViewTextBoxColumn22_59007C      0059007C     .OBJ
 0001:0018E094       set_DataGridViewTextBoxColumn22_590094      00590094     .OBJ
 0001:0018E0A0       get_DataGridViewTextBoxColumn20_5900A0      005900A0     .OBJ
 0001:0018E0B8       set_DataGridViewTextBoxColumn20_5900B8      005900B8     .OBJ
 0001:0018E0C4       get_DataGridViewTextBoxColumn17_5900C4      005900C4     .OBJ
 0001:0018E0DC       set_DataGridViewTextBoxColumn17_5900DC      005900DC     .OBJ
 0001:0018E0E8       get_DataGridViewTextBoxColumn16_5900E8      005900E8     .OBJ
 0001:0018E100       set_DataGridViewTextBoxColumn16_590100      00590100     .OBJ
 0001:0018E10C       get_DataGridViewTextBoxColumn18_59010C      0059010C     .OBJ
 0001:0018E124       set_DataGridViewTextBoxColumn18_590124      00590124     .OBJ
 0001:0018E130       get_DataGridViewTextBoxColumn19_590130      00590130     .OBJ
 0001:0018E148       set_DataGridViewTextBoxColumn19_590148      00590148     .OBJ
 0001:0018E154       get_DataGridViewTextBoxColumn15_590154      00590154     .OBJ
 0001:0018E16C       set_DataGridViewTextBoxColumn15_59016C      0059016C     .OBJ
 0001:0018E178       get_Button11_590178      00590178     .OBJ
 0001:0018E190       set_Button11_590190      00590190     .OBJ
 0001:0018E1F0       get_Button10_5901F0      005901F0     .OBJ
 0001:0018E208       set_Button10_590208      00590208     .OBJ
 0001:0018E268       get_FriendsBindingSource_590268      00590268     .OBJ
 0001:0018E280       set_FriendsBindingSource_590280      00590280     .OBJ
 0001:0018E28C       get_FriendsTableAdapter_59028C      0059028C     .OBJ
 0001:0018E2A4       set_FriendsTableAdapter_5902A4      005902A4     .OBJ
 0001:0018E2B0       get_FriendsDataGridView_5902B0      005902B0     .OBJ
 0001:0018E2C8       set_FriendsDataGridView_5902C8      005902C8     .OBJ
 0001:0018E328       get_FriendscoordBindingSource_590328      00590328     .OBJ
 0001:0018E340       set_FriendscoordBindingSource_590340      00590340     .OBJ
 0001:0018E34C       get_FriendscoordTableAdapter_59034C      0059034C     .OBJ
 0001:0018E364       set_FriendscoordTableAdapter_590364      00590364     .OBJ
 0001:0018E370       get_Button12_590370      00590370     .OBJ
 0001:0018E388       set_Button12_590388      00590388     .OBJ
 0001:0018E3E8       get_Button13_5903E8      005903E8     .OBJ
 0001:0018E400       set_Button13_590400      00590400     .OBJ
 0001:0018E460       get_FriendscoordDataGridView_590460      00590460     .OBJ
 0001:0018E478       set_FriendscoordDataGridView_590478      00590478     .OBJ
 0001:0018E4D8       get_Button14_5904D8      005904D8     .OBJ
 0001:0018E4F0       set_Button14_5904F0      005904F0     .OBJ
 0001:0018E550       get_Button15_590550      00590550     .OBJ
 0001:0018E568       set_Button15_590568      00590568     .OBJ
 0001:0018E5C8       get_Button16_5905C8      005905C8     .OBJ
 0001:0018E5E0       set_Button16_5905E0      005905E0     .OBJ
 0001:0018E640       get_Button17_590640      00590640     .OBJ
 0001:0018E658       set_Button17_590658      00590658     .OBJ
 0001:0018E6B8       get_DataGridViewTextBoxColumn32_5906B8      005906B8     .OBJ
 0001:0018E6D0       set_DataGridViewTextBoxColumn32_5906D0      005906D0     .OBJ
 0001:0018E6DC       get_DataGridViewTextBoxColumn33_5906DC      005906DC     .OBJ
 0001:0018E6F4       set_DataGridViewTextBoxColumn33_5906F4      005906F4     .OBJ
 0001:0018E700       get_DataGridViewTextBoxColumn36_590700      00590700     .OBJ
 0001:0018E718       set_DataGridViewTextBoxColumn36_590718      00590718     .OBJ
 0001:0018E724       get_DataGridViewTextBoxColumn34_590724      00590724     .OBJ
 0001:0018E73C       set_DataGridViewTextBoxColumn34_59073C      0059073C     .OBJ
 0001:0018E748       get_DataGridViewTextBoxColumn35_590748      00590748     .OBJ
 0001:0018E760       set_DataGridViewTextBoxColumn35_590760      00590760     .OBJ
 0001:0018E76C       get_DataGridViewTextBoxColumn31_59076C      0059076C     .OBJ
 0001:0018E784       set_DataGridViewTextBoxColumn31_590784      00590784     .OBJ
 0001:0018E790       get_DataGridViewTextBoxColumn27_590790      00590790     .OBJ
 0001:0018E7A8       set_DataGridViewTextBoxColumn27_5907A8      005907A8     .OBJ
 0001:0018E7B4       get_DataGridViewTextBoxColumn28_5907B4      005907B4     .OBJ
 0001:0018E7CC       set_DataGridViewTextBoxColumn28_5907CC      005907CC     .OBJ
 0001:0018E7D8       get_DataGridViewTextBoxColumn29_5907D8      005907D8     .OBJ
 0001:0018E7F0       set_DataGridViewTextBoxColumn29_5907F0      005907F0     .OBJ
 0001:0018E7FC       get_DataGridViewTextBoxColumn30_5907FC      005907FC     .OBJ
 0001:0018E814       set_DataGridViewTextBoxColumn30_590814      00590814     .OBJ
 0001:0018E820       get_DataGridViewTextBoxColumn26_590820      00590820     .OBJ
 0001:0018E838       set_DataGridViewTextBoxColumn26_590838      00590838     .OBJ
 0001:0018E844       get_EnemiesBindingSource_590844      00590844     .OBJ
 0001:0018E85C       set_EnemiesBindingSource_59085C      0059085C     .OBJ
 0001:0018E868       get_EnemiesTableAdapter_590868      00590868     .OBJ
 0001:0018E880       set_EnemiesTableAdapter_590880      00590880     .OBJ
 0001:0018E88C       get_EnemiesDataGridView_59088C      0059088C     .OBJ
 0001:0018E8A4       set_EnemiesDataGridView_5908A4      005908A4     .OBJ
 0001:0018E904       get_EnemiescoordBindingSource_590904      00590904     .OBJ
 0001:0018E91C       set_EnemiescoordBindingSource_59091C      0059091C     .OBJ
 0001:0018E928       get_EnemiescoordTableAdapter_590928      00590928     .OBJ
 0001:0018E940       set_EnemiescoordTableAdapter_590940      00590940     .OBJ
 0001:0018E94C       get_EnemiescoordDataGridView_59094C      0059094C     .OBJ
 0001:0018E964       set_EnemiescoordDataGridView_590964      00590964     .OBJ
 0001:0018E9C4       get_NeutralcoordBindingSource_5909C4      005909C4     .OBJ
 0001:0018E9DC       set_NeutralcoordBindingSource_5909DC      005909DC     .OBJ
 0001:0018E9E8       get_NeutralcoordTableAdapter_5909E8      005909E8     .OBJ
 0001:0018EA00       set_NeutralcoordTableAdapter_590A00      00590A00     .OBJ
 0001:0018EA0C       get_NeutralcoordDataGridView_590A0C      00590A0C     .OBJ
 0001:0018EA24       set_NeutralcoordDataGridView_590A24      00590A24     .OBJ
 0001:0018EA84       get_NeutralBindingSource_590A84      00590A84     .OBJ
 0001:0018EA9C       set_NeutralBindingSource_590A9C      00590A9C     .OBJ
 0001:0018EAA8       get_NeutralTableAdapter_590AA8      00590AA8     .OBJ
 0001:0018EAC0       set_NeutralTableAdapter_590AC0      00590AC0     .OBJ
 0001:0018EACC       get_NeutralDataGridView_590ACC      00590ACC     .OBJ
 0001:0018EAE4       set_NeutralDataGridView_590AE4      00590AE4     .OBJ
 0001:0018EB44       get_DataGridViewTextBoxColumn43_590B44      00590B44     .OBJ
 0001:0018EB5C       set_DataGridViewTextBoxColumn43_590B5C      00590B5C     .OBJ
 0001:0018EB68       get_DataGridViewTextBoxColumn44_590B68      00590B68     .OBJ
 0001:0018EB80       set_DataGridViewTextBoxColumn44_590B80      00590B80     .OBJ
 0001:0018EB8C       get_DataGridViewTextBoxColumn47_590B8C      00590B8C     .OBJ
 0001:0018EBA4       set_DataGridViewTextBoxColumn47_590BA4      00590BA4     .OBJ
 0001:0018EBB0       get_DataGridViewTextBoxColumn45_590BB0      00590BB0     .OBJ
 0001:0018EBC8       set_DataGridViewTextBoxColumn45_590BC8      00590BC8     .OBJ
 0001:0018EBD4       get_DataGridViewTextBoxColumn46_590BD4      00590BD4     .OBJ
 0001:0018EBEC       set_DataGridViewTextBoxColumn46_590BEC      00590BEC     .OBJ
 0001:0018EBF8       get_DataGridViewTextBoxColumn42_590BF8      00590BF8     .OBJ
 0001:0018EC10       set_DataGridViewTextBoxColumn42_590C10      00590C10     .OBJ
 0001:0018EC1C       get_DataGridViewTextBoxColumn38_590C1C      00590C1C     .OBJ
 0001:0018EC34       set_DataGridViewTextBoxColumn38_590C34      00590C34     .OBJ
 0001:0018EC40       get_DataGridViewTextBoxColumn39_590C40      00590C40     .OBJ
 0001:0018EC58       set_DataGridViewTextBoxColumn39_590C58      00590C58     .OBJ
 0001:0018EC64       get_DataGridViewTextBoxColumn40_590C64      00590C64     .OBJ
 0001:0018EC7C       set_DataGridViewTextBoxColumn40_590C7C      00590C7C     .OBJ
 0001:0018EC88       get_DataGridViewTextBoxColumn41_590C88      00590C88     .OBJ
 0001:0018ECA0       set_DataGridViewTextBoxColumn41_590CA0      00590CA0     .OBJ
 0001:0018ECAC       get_DataGridViewTextBoxColumn37_590CAC      00590CAC     .OBJ
 0001:0018ECC4       set_DataGridViewTextBoxColumn37_590CC4      00590CC4     .OBJ
 0001:0018ECD0       get_DataGridViewTextBoxColumn54_590CD0      00590CD0     .OBJ
 0001:0018ECE8       set_DataGridViewTextBoxColumn54_590CE8      00590CE8     .OBJ
 0001:0018ECF4       get_DataGridViewTextBoxColumn55_590CF4      00590CF4     .OBJ
 0001:0018ED0C       set_DataGridViewTextBoxColumn55_590D0C      00590D0C     .OBJ
 0001:0018ED18       get_DataGridViewTextBoxColumn56_590D18      00590D18     .OBJ
 0001:0018ED30       set_DataGridViewTextBoxColumn56_590D30      00590D30     .OBJ
 0001:0018ED3C       get_DataGridViewTextBoxColumn57_590D3C      00590D3C     .OBJ
 0001:0018ED54       set_DataGridViewTextBoxColumn57_590D54      00590D54     .OBJ
 0001:0018ED60       get_DataGridViewTextBoxColumn53_590D60      00590D60     .OBJ
 0001:0018ED78       set_DataGridViewTextBoxColumn53_590D78      00590D78     .OBJ
 0001:0018ED84       get_DataGridViewTextBoxColumn49_590D84      00590D84     .OBJ
 0001:0018ED9C       set_DataGridViewTextBoxColumn49_590D9C      00590D9C     .OBJ
 0001:0018EDA8       get_DataGridViewTextBoxColumn50_590DA8      00590DA8     .OBJ
 0001:0018EDC0       set_DataGridViewTextBoxColumn50_590DC0      00590DC0     .OBJ
 0001:0018EDCC       get_DataGridViewTextBoxColumn51_590DCC      00590DCC     .OBJ
 0001:0018EDE4       set_DataGridViewTextBoxColumn51_590DE4      00590DE4     .OBJ
 0001:0018EDF0       get_DataGridViewTextBoxColumn52_590DF0      00590DF0     .OBJ
 0001:0018EE08       set_DataGridViewTextBoxColumn52_590E08      00590E08     .OBJ
 0001:0018EE14       get_DataGridViewTextBoxColumn48_590E14      00590E14     .OBJ
 0001:0018EE2C       set_DataGridViewTextBoxColumn48_590E2C      00590E2C     .OBJ
 0001:0018EE38       get_ShapeContainer1_590E38      00590E38     .OBJ
 0001:0018EE50       set_ShapeContainer1_590E50      00590E50     .OBJ
 0001:0018EE5C       get_RectangleShape1_590E5C      00590E5C     .OBJ
 0001:0018EE74       set_RectangleShape1_590E74      00590E74     .OBJ
 0001:0018EE80       get_BuyLicenseToolStripMenuItem_590E80      00590E80     .OBJ
 0001:0018EE98       set_BuyLicenseToolStripMenuItem_590E98      00590E98     .OBJ
 0001:0018EEF8       .cctor_590EF8      00590EF8     .OBJ
 0001:0018EF10       .ctor_590F10      00590F10     .OBJ
 0001:0018EFC8       ProcessException_590FC8      00590FC8     .OBJ
 0001:0018F010       ConfirmValidation_591010      00591010     .OBJ
 0001:0018F040       Vscaner_Load_591040      00591040     .OBJ
 0001:0018F330       GetCustomerInfo_591330      00591330     .OBJ
 0001:0018F39C       InitializeUi_59139C      0059139C     .OBJ
 0001:0018F3B4       Button1_Click_5913B4      005913B4     .OBJ
 0001:0018F3D4       Button3_Click_5913D4      005913D4     .OBJ
 0001:0018F470       Button5_Click_591470      00591470     .OBJ
 0001:0018F48C       AxShockwaveFlash1_FSCommand_59148C      0059148C     .OBJ
 0001:0018F658       TextBox2_TextChanged_591658      00591658     .OBJ
 0001:0018F680       TextBox3_TextChanged_591680      00591680     .OBJ
 0001:0018F6A8       TextBox4_TextChanged_5916A8      005916A8     .OBJ
 0001:0018F6D0       Label7_TextChanged_5916D0      005916D0     .OBJ
 0001:0018FE08       Label8_TextChanged_591E08      00591E08     .OBJ
 0001:001900F8       CordinBindingNavigatorSaveItem_Click_5920F8      005920F8     .OBJ
 0001:00190124       CordinDataGridView_CellFormatting_592124      00592124     .OBJ
 0001:00190160       TextBox1_DoubleClick_592160      00592160     .OBJ
 0001:00190178       TextBox9_TextChanged_592178      00592178     .OBJ
 0001:00190320       Hero_allianceDataGridView_CellFormatting_592320      00592320     .OBJ
 0001:0019035C       Button6_Click_59235C      0059235C     .OBJ
 0001:00190378       Button7_Click_592378      00592378     .OBJ
 0001:00190414       Button4_Click_592414      00592414     .OBJ
 0001:00190540       Button2_Click_592540      00592540     .OBJ
 0001:00190654       Button8_Click_592654      00592654     .OBJ
 0001:00190778       Button9_Click_592778      00592778     .OBJ
 0001:00190794       AltcoordDataGridView_CellFormatting_592794      00592794     .OBJ
 0001:001907D0       AltDataGridView_CellFormatting_5927D0      005927D0     .OBJ
 0001:0019080C       Button10_Click_59280C      0059280C     .OBJ
 0001:0019084C       Button11_Click_59284C      0059284C     .OBJ
 0001:00190874       Button13_Click_592874      00592874     .OBJ
 0001:001908B4       Button12_Click_5928B4      005928B4     .OBJ
 0001:001908DC       FriendsDataGridView_CellFormatting_5928DC      005928DC     .OBJ
 0001:00190918       FriendscoordDataGridView_CellFormatting_592918      00592918     .OBJ
 0001:00190954       Button15_Click_592954      00592954     .OBJ
 0001:00190994       Button14_Click_592994      00592994     .OBJ
 0001:001909BC       Button16_Click_5929BC      005929BC     .OBJ
 0001:001909E4       Button17_Click_5929E4      005929E4     .OBJ
 0001:00190A24       NeutralcoordDataGridView_CellFormatting_592A24      00592A24     .OBJ
 0001:00190A60       NeutralDataGridView_CellFormatting_592A60      00592A60     .OBJ
 0001:00190A9C       EnemiesDataGridView_CellFormatting_592A9C      00592A9C     .OBJ
 0001:00190AD8       EnemiescoordDataGridView_CellFormatting_592AD8      00592AD8     .OBJ
 0001:00190B14       get_BaseContainerName_592B14      00592B14     .OBJ
 0001:00190B2C       get_BypassExpirationCheck_592B2C      00592B2C     .OBJ
 0001:00190B40       get_BypassSignatureForEmbedded_592B40      00592B40     .OBJ
 0001:00190B54       get_DoLoadLicense_592B54      00592B54     .OBJ
 0001:00190B68       get_EmbeddedLicenseAssembly_592B68      00592B68     .OBJ
 0001:00190B7C       get_EmbeddedOnly_592B7C      00592B7C     .OBJ
 0001:00190B90       get_LicenseFileName_592B90      00592B90     .OBJ
 0001:00190BA8       get_LicenseKey_592BA8      00592BA8     .OBJ
 0001:00190BC0       get_LicenseParameters_592BC0      00592BC0     .OBJ
 0001:00190BD8       get_MaxContainersNumber_592BD8      00592BD8     .OBJ
 0001:00190BEC       get_ServiceIndex_592BEC      00592BEC     .OBJ
 0001:00190C00       get_UseMachineKeyStore_592C00      00592C00     .OBJ
 0001:00190C14       get_ProtectedStorage_592C14      00592C14     .OBJ
 0001:00190C28       get_UseMachineProtectedStorage_592C28      00592C28     .OBJ
 0001:00190C3C       BuyLicenseToolStripMenuItem_Click_592C3C      00592C3C     .OBJ
 0001:00198C40       BuyLicenseToolStripMenuItem_Click_59AC40      0059AC40     .OBJ
 0001:00198D60       BuyLicenseToolStripMenuItem_Click_59AD60      0059AD60     .OBJ
 0001:00198D18       .ctor_59AD18      0059AD18     .OBJ
 0001:00198D24       .ctor_59AD24      0059AD24     .OBJ
 0001:00198CC0       .ctor_59ACC0      0059ACC0     .OBJ
 0001:00198CC0       .ctor_400000      00400000     .OBJ
 0001:00198CC0       BeginInvoke_400000      00400000     .OBJ
 0001:00198CC0       EndInvoke_400000      00400000     .OBJ
 0001:00198CC0       Invoke_400000      00400000     .OBJ
 0001:00198EAC       .ctor_59AEAC      0059AEAC     .OBJ
 0001:00198EB8       .ctor_59AEB8      0059AEB8     .OBJ
 0001:00198D9C       .ctor_59AD9C      0059AD9C     .OBJ
 0001:00198EE8       .ctor_59AEE8      0059AEE8     .OBJ
 0001:00198EF4       .ctor_59AEF4      0059AEF4     .OBJ
 0001:00198DD8       .ctor_59ADD8      0059ADD8     .OBJ

 entry point at        0001:001C91EE

 Static symbols


